
> matrix-delivery-backend@1.0.0 test
> jest --coverage --watchAll=false --no-color

FAIL tests/paypal.test.js (24.072 s)
  ΓùÅ Console

    console.error
      ≡ƒöÑ CRITICAL DEBUG: server.js is running!

      3 |
      4 | const express = require('express');
    > 5 | console.error('≡ƒöÑ CRITICAL DEBUG: server.js is running!');
        |         ^
      6 | const cors = require('cors');
      7 | const dotenv = require('dotenv');
      8 | const jwt = require('jsonwebtoken');

      at Object.error (server.js:5:9)
      at Object.require (tests/paypal.test.js:9:13)

    console.log
      2025-12-05 20:02:41 [info]: ≡ƒöº Loading environment from: .env
      {
        "envFile": ".env"
      }

      at Console.log (node_modules/winston/lib/winston/transports/console.js:87:23)

    console.log
      Γ£à Security configuration validated

      at log (middleware/security.js:180:13)

    console.log
      Γ£à Admin API endpoints loaded successfully - All 3 parts complete

      at console.log (node_modules/@sentry/core/src/instrument/console.ts:39:14)

  ΓùÅ PayPal Payment Integration Tests ΓÇ║ POST /api/payments/paypal/create-order ΓÇ║ should return 503 if PayPal is not configured

    error: new row for relation "orders" violates check constraint "orders_status_check"

      54 |
      55 |         // Create test order with valid status 'posted'
    > 56 |         const orderResult = await pool.query(
         |                             ^
      57 |             `INSERT INTO orders (id, order_number, title, description, pickup_address, delivery_address, 
      58 |        from_lat, from_lng, from_name, to_lat, to_lng, to_name, price, status, customer_id, customer_name)
      59 |        VALUES ($1, $2, $3, $4, $5, $6, $7, $8, $9, $10, $11, $12, $13, $14, $15, $16)

      at node_modules/pg-pool/index.js:45:11
      at Object.<anonymous> (tests/paypal.test.js:56:29)

  ΓùÅ PayPal Payment Integration Tests ΓÇ║ POST /api/payments/paypal/create-order ΓÇ║ should return 400 for missing required fields

    error: new row for relation "orders" violates check constraint "orders_status_check"

      54 |
      55 |         // Create test order with valid status 'posted'
    > 56 |         const orderResult = await pool.query(
         |                             ^
      57 |             `INSERT INTO orders (id, order_number, title, description, pickup_address, delivery_address, 
      58 |        from_lat, from_lng, from_name, to_lat, to_lng, to_name, price, status, customer_id, customer_name)
      59 |        VALUES ($1, $2, $3, $4, $5, $6, $7, $8, $9, $10, $11, $12, $13, $14, $15, $16)

      at node_modules/pg-pool/index.js:45:11
      at Object.<anonymous> (tests/paypal.test.js:56:29)

  ΓùÅ PayPal Payment Integration Tests ΓÇ║ POST /api/payments/paypal/create-order ΓÇ║ should return 401 without token

    error: new row for relation "orders" violates check constraint "orders_status_check"

      54 |
      55 |         // Create test order with valid status 'posted'
    > 56 |         const orderResult = await pool.query(
         |                             ^
      57 |             `INSERT INTO orders (id, order_number, title, description, pickup_address, delivery_address, 
      58 |        from_lat, from_lng, from_name, to_lat, to_lng, to_name, price, status, customer_id, customer_name)
      59 |        VALUES ($1, $2, $3, $4, $5, $6, $7, $8, $9, $10, $11, $12, $13, $14, $15, $16)

      at node_modules/pg-pool/index.js:45:11
      at Object.<anonymous> (tests/paypal.test.js:56:29)

  ΓùÅ PayPal Payment Integration Tests ΓÇ║ POST /api/payments/paypal/create-order ΓÇ║ should return 400 for invalid amount

    error: new row for relation "orders" violates check constraint "orders_status_check"

      54 |
      55 |         // Create test order with valid status 'posted'
    > 56 |         const orderResult = await pool.query(
         |                             ^
      57 |             `INSERT INTO orders (id, order_number, title, description, pickup_address, delivery_address, 
      58 |        from_lat, from_lng, from_name, to_lat, to_lng, to_name, price, status, customer_id, customer_name)
      59 |        VALUES ($1, $2, $3, $4, $5, $6, $7, $8, $9, $10, $11, $12, $13, $14, $15, $16)

      at node_modules/pg-pool/index.js:45:11
      at Object.<anonymous> (tests/paypal.test.js:56:29)

  ΓùÅ PayPal Payment Integration Tests ΓÇ║ POST /api/payments/paypal/capture ΓÇ║ should return 400 for missing PayPal order ID

    error: new row for relation "orders" violates check constraint "orders_status_check"

      54 |
      55 |         // Create test order with valid status 'posted'
    > 56 |         const orderResult = await pool.query(
         |                             ^
      57 |             `INSERT INTO orders (id, order_number, title, description, pickup_address, delivery_address, 
      58 |        from_lat, from_lng, from_name, to_lat, to_lng, to_name, price, status, customer_id, customer_name)
      59 |        VALUES ($1, $2, $3, $4, $5, $6, $7, $8, $9, $10, $11, $12, $13, $14, $15, $16)

      at node_modules/pg-pool/index.js:45:11
      at Object.<anonymous> (tests/paypal.test.js:56:29)

  ΓùÅ PayPal Payment Integration Tests ΓÇ║ POST /api/payments/paypal/capture ΓÇ║ should return 401 without token

    error: new row for relation "orders" violates check constraint "orders_status_check"

      54 |
      55 |         // Create test order with valid status 'posted'
    > 56 |         const orderResult = await pool.query(
         |                             ^
      57 |             `INSERT INTO orders (id, order_number, title, description, pickup_address, delivery_address, 
      58 |        from_lat, from_lng, from_name, to_lat, to_lng, to_name, price, status, customer_id, customer_name)
      59 |        VALUES ($1, $2, $3, $4, $5, $6, $7, $8, $9, $10, $11, $12, $13, $14, $15, $16)

      at node_modules/pg-pool/index.js:45:11
      at Object.<anonymous> (tests/paypal.test.js:56:29)

  ΓùÅ PayPal Payment Integration Tests ΓÇ║ POST /api/payments/paypal/refund/:paymentId ΓÇ║ should return 503 if PayPal is not configured

    error: new row for relation "orders" violates check constraint "orders_status_check"

      54 |
      55 |         // Create test order with valid status 'posted'
    > 56 |         const orderResult = await pool.query(
         |                             ^
      57 |             `INSERT INTO orders (id, order_number, title, description, pickup_address, delivery_address, 
      58 |        from_lat, from_lng, from_name, to_lat, to_lng, to_name, price, status, customer_id, customer_name)
      59 |        VALUES ($1, $2, $3, $4, $5, $6, $7, $8, $9, $10, $11, $12, $13, $14, $15, $16)

      at node_modules/pg-pool/index.js:45:11
      at Object.<anonymous> (tests/paypal.test.js:56:29)

  ΓùÅ PayPal Payment Integration Tests ΓÇ║ POST /api/payments/paypal/refund/:paymentId ΓÇ║ should return 401 without token

    error: new row for relation "orders" violates check constraint "orders_status_check"

      54 |
      55 |         // Create test order with valid status 'posted'
    > 56 |         const orderResult = await pool.query(
         |                             ^
      57 |             `INSERT INTO orders (id, order_number, title, description, pickup_address, delivery_address, 
      58 |        from_lat, from_lng, from_name, to_lat, to_lng, to_name, price, status, customer_id, customer_name)
      59 |        VALUES ($1, $2, $3, $4, $5, $6, $7, $8, $9, $10, $11, $12, $13, $14, $15, $16)

      at node_modules/pg-pool/index.js:45:11
      at Object.<anonymous> (tests/paypal.test.js:56:29)

  ΓùÅ PayPal Payment Integration Tests ΓÇ║ POST /api/payments/paypal/refund/:paymentId ΓÇ║ should return 404 for non-existent payment

    error: new row for relation "orders" violates check constraint "orders_status_check"

      54 |
      55 |         // Create test order with valid status 'posted'
    > 56 |         const orderResult = await pool.query(
         |                             ^
      57 |             `INSERT INTO orders (id, order_number, title, description, pickup_address, delivery_address, 
      58 |        from_lat, from_lng, from_name, to_lat, to_lng, to_name, price, status, customer_id, customer_name)
      59 |        VALUES ($1, $2, $3, $4, $5, $6, $7, $8, $9, $10, $11, $12, $13, $14, $15, $16)

      at node_modules/pg-pool/index.js:45:11
      at Object.<anonymous> (tests/paypal.test.js:56:29)

FAIL tests/messaging.test.js (26.208 s)
  ΓùÅ Console

    console.error
      ≡ƒöÑ CRITICAL DEBUG: server.js is running!

      3 |
      4 | const express = require('express');
    > 5 | console.error('≡ƒöÑ CRITICAL DEBUG: server.js is running!');
        |         ^
      6 | const cors = require('cors');
      7 | const dotenv = require('dotenv');
      8 | const jwt = require('jsonwebtoken');

      at Object.error (server.js:5:9)
      at Object.require (tests/messaging.test.js:9:13)

    console.log
      2025-12-05 20:02:41 [info]: ≡ƒöº Loading environment from: .env
      {
        "envFile": ".env"
      }

      at Console.log (node_modules/winston/lib/winston/transports/console.js:87:23)

    console.log
      Γ£à Security configuration validated

      at log (middleware/security.js:180:13)

    console.log
      Γ£à Admin API endpoints loaded successfully - All 3 parts complete

      at console.log (node_modules/@sentry/core/src/instrument/console.ts:39:14)

    console.log
      2025-12-05 20:02:45 [http]: REQUEST: POST /api/messages
      {
        "method": "POST",
        "url": "/api/messages",
        "ip": "::ffff:127.0.0.1",
        "category": "http"
      }

      at Console.log (node_modules/winston/lib/winston/transports/console.js:87:23)

    console.log
      2025-12-05 20:02:45 [warn]: SECURITY: Invalid token provided
      {
        "error": "jwt audience invalid. expected: matrix-delivery-api",
        "code": "INVALID_TOKEN",
        "ip": "::ffff:127.0.0.1",
        "path": "/",
        "category": "security"
      }

      at Console.log (node_modules/winston/lib/winston/transports/console.js:87:23)

    console.log
      2025-12-05 20:02:45 [http]: HTTP_REQUEST
      {
        "method": "::ffff:127.0.0.1",
        "url": "-",
        "status": null,
        "responseTime": "[05/Dec/2025:18:02:45",
        "ip": "/api/messages",
        "userAgent": "401",
        "category": "http"
      }

      at Console.log (node_modules/winston/lib/winston/transports/console.js:87:23)

    console.log
      2025-12-05 20:02:45 [warn]: RESPONSE: POST /api/messages 401
      {
        "method": "POST",
        "url": "/api/messages",
        "statusCode": 401,
        "duration": "105ms",
        "ip": "::ffff:127.0.0.1",
        "category": "http"
      }

      at Console.log (node_modules/winston/lib/winston/transports/console.js:87:23)

    console.log
      2025-12-05 20:02:46 [http]: REQUEST: POST /api/messages
      {
        "method": "POST",
        "url": "/api/messages",
        "ip": "::ffff:127.0.0.1",
        "category": "http"
      }

      at Console.log (node_modules/winston/lib/winston/transports/console.js:87:23)

    console.log
      2025-12-05 20:02:46 [warn]: SECURITY: Invalid token provided
      {
        "error": "jwt audience invalid. expected: matrix-delivery-api",
        "code": "INVALID_TOKEN",
        "ip": "::ffff:127.0.0.1",
        "path": "/",
        "category": "security"
      }

      at Console.log (node_modules/winston/lib/winston/transports/console.js:87:23)

    console.log
      2025-12-05 20:02:46 [http]: HTTP_REQUEST
      {
        "method": "::ffff:127.0.0.1",
        "url": "-",
        "status": null,
        "responseTime": "[05/Dec/2025:18:02:46",
        "ip": "/api/messages",
        "userAgent": "401",
        "category": "http"
      }

      at Console.log (node_modules/winston/lib/winston/transports/console.js:87:23)

    console.log
      2025-12-05 20:02:46 [warn]: RESPONSE: POST /api/messages 401
      {
        "method": "POST",
        "url": "/api/messages",
        "statusCode": 401,
        "duration": "45ms",
        "ip": "::ffff:127.0.0.1",
        "category": "http"
      }

      at Console.log (node_modules/winston/lib/winston/transports/console.js:87:23)

    console.log
      2025-12-05 20:02:46 [http]: REQUEST: POST /api/messages
      {
        "method": "POST",
        "url": "/api/messages",
        "ip": "::ffff:127.0.0.1",
        "category": "http"
      }

      at Console.log (node_modules/winston/lib/winston/transports/console.js:87:23)

    console.log
      2025-12-05 20:02:46 [warn]: SECURITY: Access attempt without token
      {
        "ip": "::ffff:127.0.0.1",
        "path": "/",
        "method": "POST",
        "category": "security"
      }

      at Console.log (node_modules/winston/lib/winston/transports/console.js:87:23)

    console.log
      2025-12-05 20:02:46 [http]: HTTP_REQUEST
      {
        "method": "::ffff:127.0.0.1",
        "url": "-",
        "status": null,
        "responseTime": "[05/Dec/2025:18:02:46",
        "ip": "/api/messages",
        "userAgent": "401",
        "category": "http"
      }

      at Console.log (node_modules/winston/lib/winston/transports/console.js:87:23)

    console.log
      2025-12-05 20:02:46 [warn]: RESPONSE: POST /api/messages 401
      {
        "method": "POST",
        "url": "/api/messages",
        "statusCode": 401,
        "duration": "14ms",
        "ip": "::ffff:127.0.0.1",
        "category": "http"
      }

      at Console.log (node_modules/winston/lib/winston/transports/console.js:87:23)

    console.error
      Database logging failed: relation "logs" does not exist

      180 |     } catch (err) {
      181 |       // Silent fail for logging to avoid impacting request flow
    > 182 |       console.error('Database logging failed:', err.message);
          |               ^
      183 |     }
      184 |   });
      185 |   next();

      at console.error (node_modules/@sentry/core/src/instrument/console.ts:39:14)
      at ServerResponse.error (server.js:182:15)

    console.log
      2025-12-05 20:02:46 [http]: REQUEST: GET /api/messages/order/order-msg-id
      {
        "method": "GET",
        "url": "/api/messages/order/order-msg-id",
        "ip": "::ffff:127.0.0.1",
        "category": "http"
      }

      at Console.log (node_modules/winston/lib/winston/transports/console.js:87:23)

    console.log
      2025-12-05 20:02:46 [warn]: SECURITY: Invalid token provided
      {
        "error": "jwt audience invalid. expected: matrix-delivery-api",
        "code": "INVALID_TOKEN",
        "ip": "::ffff:127.0.0.1",
        "path": "/order/order-msg-id",
        "category": "security"
      }

      at Console.log (node_modules/winston/lib/winston/transports/console.js:87:23)

    console.log
      2025-12-05 20:02:46 [http]: HTTP_REQUEST
      {
        "method": "::ffff:127.0.0.1",
        "url": "-",
        "status": null,
        "responseTime": "[05/Dec/2025:18:02:46",
        "ip": "/api/messages/order/order-msg-id",
        "userAgent": "401",
        "category": "http"
      }

      at Console.log (node_modules/winston/lib/winston/transports/console.js:87:23)

    console.log
      2025-12-05 20:02:46 [warn]: RESPONSE: GET /api/messages/order/order-msg-id 401
      {
        "method": "GET",
        "url": "/api/messages/order/order-msg-id",
        "statusCode": 401,
        "duration": "21ms",
        "ip": "::ffff:127.0.0.1",
        "category": "http"
      }

      at Console.log (node_modules/winston/lib/winston/transports/console.js:87:23)

    console.log
      2025-12-05 20:02:46 [http]: REQUEST: GET /api/messages/order/order-msg-id
      {
        "method": "GET",
        "url": "/api/messages/order/order-msg-id",
        "ip": "::ffff:127.0.0.1",
        "category": "http"
      }

      at Console.log (node_modules/winston/lib/winston/transports/console.js:87:23)

    console.log
      2025-12-05 20:02:46 [warn]: SECURITY: Access attempt without token
      {
        "ip": "::ffff:127.0.0.1",
        "path": "/order/order-msg-id",
        "method": "GET",
        "category": "security"
      }

      at Console.log (node_modules/winston/lib/winston/transports/console.js:87:23)

    console.log
      2025-12-05 20:02:46 [http]: HTTP_REQUEST
      {
        "method": "::ffff:127.0.0.1",
        "url": "-",
        "status": null,
        "responseTime": "[05/Dec/2025:18:02:46",
        "ip": "/api/messages/order/order-msg-id",
        "userAgent": "401",
        "category": "http"
      }

      at Console.log (node_modules/winston/lib/winston/transports/console.js:87:23)

    console.log
      2025-12-05 20:02:46 [warn]: RESPONSE: GET /api/messages/order/order-msg-id 401
      {
        "method": "GET",
        "url": "/api/messages/order/order-msg-id",
        "statusCode": 401,
        "duration": "20ms",
        "ip": "::ffff:127.0.0.1",
        "category": "http"
      }

      at Console.log (node_modules/winston/lib/winston/transports/console.js:87:23)

    console.error
      Database logging failed: relation "logs" does not exist

      180 |     } catch (err) {
      181 |       // Silent fail for logging to avoid impacting request flow
    > 182 |       console.error('Database logging failed:', err.message);
          |               ^
      183 |     }
      184 |   });
      185 |   next();

      at console.error (node_modules/@sentry/core/src/instrument/console.ts:39:14)
      at ServerResponse.error (server.js:182:15)

    console.log
      2025-12-05 20:02:46 [http]: REQUEST: GET /api/messages/conversations
      {
        "method": "GET",
        "url": "/api/messages/conversations",
        "ip": "::ffff:127.0.0.1",
        "category": "http"
      }

      at Console.log (node_modules/winston/lib/winston/transports/console.js:87:23)

    console.log
      2025-12-05 20:02:46 [warn]: SECURITY: Invalid token provided
      {
        "error": "jwt audience invalid. expected: matrix-delivery-api",
        "code": "INVALID_TOKEN",
        "ip": "::ffff:127.0.0.1",
        "path": "/conversations",
        "category": "security"
      }

      at Console.log (node_modules/winston/lib/winston/transports/console.js:87:23)

    console.log
      2025-12-05 20:02:46 [http]: HTTP_REQUEST
      {
        "method": "::ffff:127.0.0.1",
        "url": "-",
        "status": null,
        "responseTime": "[05/Dec/2025:18:02:46",
        "ip": "/api/messages/conversations",
        "userAgent": "401",
        "category": "http"
      }

      at Console.log (node_modules/winston/lib/winston/transports/console.js:87:23)

    console.log
      2025-12-05 20:02:46 [warn]: RESPONSE: GET /api/messages/conversations 401
      {
        "method": "GET",
        "url": "/api/messages/conversations",
        "statusCode": 401,
        "duration": "70ms",
        "ip": "::ffff:127.0.0.1",
        "category": "http"
      }

      at Console.log (node_modules/winston/lib/winston/transports/console.js:87:23)

    console.log
      2025-12-05 20:02:46 [http]: REQUEST: GET /api/messages/conversations
      {
        "method": "GET",
        "url": "/api/messages/conversations",
        "ip": "::ffff:127.0.0.1",
        "category": "http"
      }

      at Console.log (node_modules/winston/lib/winston/transports/console.js:87:23)

    console.log
      2025-12-05 20:02:46 [warn]: SECURITY: Access attempt without token
      {
        "ip": "::ffff:127.0.0.1",
        "path": "/conversations",
        "method": "GET",
        "category": "security"
      }

      at Console.log (node_modules/winston/lib/winston/transports/console.js:87:23)

    console.log
      2025-12-05 20:02:46 [http]: HTTP_REQUEST
      {
        "method": "::ffff:127.0.0.1",
        "url": "-",
        "status": null,
        "responseTime": "[05/Dec/2025:18:02:46",
        "ip": "/api/messages/conversations",
        "userAgent": "401",
        "category": "http"
      }

      at Console.log (node_modules/winston/lib/winston/transports/console.js:87:23)

    console.log
      2025-12-05 20:02:46 [warn]: RESPONSE: GET /api/messages/conversations 401
      {
        "method": "GET",
        "url": "/api/messages/conversations",
        "statusCode": 401,
        "duration": "21ms",
        "ip": "::ffff:127.0.0.1",
        "category": "http"
      }

      at Console.log (node_modules/winston/lib/winston/transports/console.js:87:23)

    console.log
      2025-12-05 20:02:47 [http]: REQUEST: POST /api/messages/order/order-msg-id/read
      {
        "method": "POST",
        "url": "/api/messages/order/order-msg-id/read",
        "ip": "::ffff:127.0.0.1",
        "category": "http"
      }

      at Console.log (node_modules/winston/lib/winston/transports/console.js:87:23)

    console.log
      2025-12-05 20:02:47 [warn]: SECURITY: Invalid token provided
      {
        "error": "jwt audience invalid. expected: matrix-delivery-api",
        "code": "INVALID_TOKEN",
        "ip": "::ffff:127.0.0.1",
        "path": "/order/order-msg-id/read",
        "category": "security"
      }

      at Console.log (node_modules/winston/lib/winston/transports/console.js:87:23)

    console.log
      2025-12-05 20:02:47 [http]: HTTP_REQUEST
      {
        "method": "::ffff:127.0.0.1",
        "url": "-",
        "status": null,
        "responseTime": "[05/Dec/2025:18:02:47",
        "ip": "/api/messages/order/order-msg-id/read",
        "userAgent": "401",
        "category": "http"
      }

      at Console.log (node_modules/winston/lib/winston/transports/console.js:87:23)

    console.log
      2025-12-05 20:02:47 [warn]: RESPONSE: POST /api/messages/order/order-msg-id/read 401
      {
        "method": "POST",
        "url": "/api/messages/order/order-msg-id/read",
        "statusCode": 401,
        "duration": "21ms",
        "ip": "::ffff:127.0.0.1",
        "category": "http"
      }

      at Console.log (node_modules/winston/lib/winston/transports/console.js:87:23)

    console.error
      Database logging failed: relation "logs" does not exist

      180 |     } catch (err) {
      181 |       // Silent fail for logging to avoid impacting request flow
    > 182 |       console.error('Database logging failed:', err.message);
          |               ^
      183 |     }
      184 |   });
      185 |   next();

      at console.error (node_modules/@sentry/core/src/instrument/console.ts:39:14)
      at ServerResponse.error (server.js:182:15)

    console.log
      2025-12-05 20:02:47 [http]: REQUEST: POST /api/messages/order/order-msg-id/read
      {
        "method": "POST",
        "url": "/api/messages/order/order-msg-id/read",
        "ip": "::ffff:127.0.0.1",
        "category": "http"
      }

      at Console.log (node_modules/winston/lib/winston/transports/console.js:87:23)

    console.log
      2025-12-05 20:02:47 [warn]: SECURITY: Access attempt without token
      {
        "ip": "::ffff:127.0.0.1",
        "path": "/order/order-msg-id/read",
        "method": "POST",
        "category": "security"
      }

      at Console.log (node_modules/winston/lib/winston/transports/console.js:87:23)

    console.log
      2025-12-05 20:02:47 [http]: HTTP_REQUEST
      {
        "method": "::ffff:127.0.0.1",
        "url": "-",
        "status": null,
        "responseTime": "[05/Dec/2025:18:02:47",
        "ip": "/api/messages/order/order-msg-id/read",
        "userAgent": "401",
        "category": "http"
      }

      at Console.log (node_modules/winston/lib/winston/transports/console.js:87:23)

    console.log
      2025-12-05 20:02:47 [warn]: RESPONSE: POST /api/messages/order/order-msg-id/read 401
      {
        "method": "POST",
        "url": "/api/messages/order/order-msg-id/read",
        "statusCode": 401,
        "duration": "23ms",
        "ip": "::ffff:127.0.0.1",
        "category": "http"
      }

      at Console.log (node_modules/winston/lib/winston/transports/console.js:87:23)

    console.log
      2025-12-05 20:02:47 [http]: REQUEST: GET /api/messages/unread-count
      {
        "method": "GET",
        "url": "/api/messages/unread-count",
        "ip": "::ffff:127.0.0.1",
        "category": "http"
      }

      at Console.log (node_modules/winston/lib/winston/transports/console.js:87:23)

    console.log
      2025-12-05 20:02:47 [warn]: SECURITY: Invalid token provided
      {
        "error": "jwt audience invalid. expected: matrix-delivery-api",
        "code": "INVALID_TOKEN",
        "ip": "::ffff:127.0.0.1",
        "path": "/unread-count",
        "category": "security"
      }

      at Console.log (node_modules/winston/lib/winston/transports/console.js:87:23)

    console.log
      2025-12-05 20:02:47 [http]: HTTP_REQUEST
      {
        "method": "::ffff:127.0.0.1",
        "url": "-",
        "status": null,
        "responseTime": "[05/Dec/2025:18:02:47",
        "ip": "/api/messages/unread-count",
        "userAgent": "401",
        "category": "http"
      }

      at Console.log (node_modules/winston/lib/winston/transports/console.js:87:23)

    console.log
      2025-12-05 20:02:47 [warn]: RESPONSE: GET /api/messages/unread-count 401
      {
        "method": "GET",
        "url": "/api/messages/unread-count",
        "statusCode": 401,
        "duration": "20ms",
        "ip": "::ffff:127.0.0.1",
        "category": "http"
      }

      at Console.log (node_modules/winston/lib/winston/transports/console.js:87:23)

    console.error
      Database logging failed: relation "logs" does not exist

      180 |     } catch (err) {
      181 |       // Silent fail for logging to avoid impacting request flow
    > 182 |       console.error('Database logging failed:', err.message);
          |               ^
      183 |     }
      184 |   });
      185 |   next();

      at console.error (node_modules/@sentry/core/src/instrument/console.ts:39:14)
      at ServerResponse.error (server.js:182:15)

    console.error
      Database logging failed: relation "logs" does not exist

      180 |     } catch (err) {
      181 |       // Silent fail for logging to avoid impacting request flow
    > 182 |       console.error('Database logging failed:', err.message);
          |               ^
      183 |     }
      184 |   });
      185 |   next();

      at console.error (node_modules/@sentry/core/src/instrument/console.ts:39:14)
      at ServerResponse.error (server.js:182:15)

    console.error
      Database logging failed: relation "logs" does not exist

      180 |     } catch (err) {
      181 |       // Silent fail for logging to avoid impacting request flow
    > 182 |       console.error('Database logging failed:', err.message);
          |               ^
      183 |     }
      184 |   });
      185 |   next();

      at console.error (node_modules/@sentry/core/src/instrument/console.ts:39:14)
      at ServerResponse.error (server.js:182:15)

    console.error
      Database logging failed: relation "logs" does not exist

      180 |     } catch (err) {
      181 |       // Silent fail for logging to avoid impacting request flow
    > 182 |       console.error('Database logging failed:', err.message);
          |               ^
      183 |     }
      184 |   });
      185 |   next();

      at console.error (node_modules/@sentry/core/src/instrument/console.ts:39:14)
      at ServerResponse.error (server.js:182:15)

    console.log
      2025-12-05 20:02:47 [http]: REQUEST: GET /api/messages/unread-count
      {
        "method": "GET",
        "url": "/api/messages/unread-count",
        "ip": "::ffff:127.0.0.1",
        "category": "http"
      }

      at Console.log (node_modules/winston/lib/winston/transports/console.js:87:23)

    console.log
      2025-12-05 20:02:47 [warn]: SECURITY: Access attempt without token
      {
        "ip": "::ffff:127.0.0.1",
        "path": "/unread-count",
        "method": "GET",
        "category": "security"
      }

      at Console.log (node_modules/winston/lib/winston/transports/console.js:87:23)

    console.log
      2025-12-05 20:02:47 [http]: HTTP_REQUEST
      {
        "method": "::ffff:127.0.0.1",
        "url": "-",
        "status": null,
        "responseTime": "[05/Dec/2025:18:02:47",
        "ip": "/api/messages/unread-count",
        "userAgent": "401",
        "category": "http"
      }

      at Console.log (node_modules/winston/lib/winston/transports/console.js:87:23)

    console.log
      2025-12-05 20:02:47 [warn]: RESPONSE: GET /api/messages/unread-count 401
      {
        "method": "GET",
        "url": "/api/messages/unread-count",
        "statusCode": 401,
        "duration": "20ms",
        "ip": "::ffff:127.0.0.1",
        "category": "http"
      }

      at Console.log (node_modules/winston/lib/winston/transports/console.js:87:23)

  ΓùÅ Messaging API Tests ΓÇ║ POST /api/messages ΓÇ║ should send a message successfully

    expected 201 "Created", got 401 "Unauthorized"

      142 |                 .set('Authorization', `Bearer ${customerToken}`)
      143 |                 .send(messageData)
    > 144 |                 .expect(201);
          |                  ^
      145 |
      146 |             expect(response.body).toHaveProperty('success', true);
      147 |             expect(response.body).toHaveProperty('message');

      at Object.expect (tests/messaging.test.js:144:18)
      ----
      at Test._assertStatus (node_modules/supertest/lib/test.js:252:14)
      at node_modules/supertest/lib/test.js:308:13
      at Test._assertFunction (node_modules/supertest/lib/test.js:285:13)
      at Test.assert (node_modules/supertest/lib/test.js:164:23)
      at Server.localAssert (node_modules/supertest/lib/test.js:120:14)
      at Object.apply (node_modules/@sentry/node-core/src/integrations/http/httpServerIntegration.ts:168:23)

  ΓùÅ Messaging API Tests ΓÇ║ POST /api/messages ΓÇ║ should return 400 for missing required fields

    expected 400 "Bad Request", got 401 "Unauthorized"

      156 |                 .set('Authorization', `Bearer ${customerToken}`)
      157 |                 .send({ orderId })
    > 158 |                 .expect(400);
          |                  ^
      159 |
      160 |             expect(response.body.error).toBeDefined();
      161 |         });

      at Object.expect (tests/messaging.test.js:158:18)
      ----
      at Test._assertStatus (node_modules/supertest/lib/test.js:252:14)
      at node_modules/supertest/lib/test.js:308:13
      at Test._assertFunction (node_modules/supertest/lib/test.js:285:13)
      at Test.assert (node_modules/supertest/lib/test.js:164:23)
      at Server.localAssert (node_modules/supertest/lib/test.js:120:14)
      at Object.apply (node_modules/@sentry/node-core/src/integrations/http/httpServerIntegration.ts:168:23)

  ΓùÅ Messaging API Tests ΓÇ║ GET /api/messages/order/:orderId ΓÇ║ should get messages for an order

    expected 200 "OK", got 401 "Unauthorized"

      188 |                 .get(`/api/messages/order/${orderId}`)
      189 |                 .set('Authorization', `Bearer ${customerToken}`)
    > 190 |                 .expect(200);
          |                  ^
      191 |
      192 |             expect(response.body).toHaveProperty('success', true);
      193 |             expect(response.body).toHaveProperty('messages');

      at Object.expect (tests/messaging.test.js:190:18)
      ----
      at Test._assertStatus (node_modules/supertest/lib/test.js:252:14)
      at node_modules/supertest/lib/test.js:308:13
      at Test._assertFunction (node_modules/supertest/lib/test.js:285:13)
      at Test.assert (node_modules/supertest/lib/test.js:164:23)
      at Server.localAssert (node_modules/supertest/lib/test.js:120:14)
      at Object.apply (node_modules/@sentry/node-core/src/integrations/http/httpServerIntegration.ts:168:23)

  ΓùÅ Messaging API Tests ΓÇ║ GET /api/messages/conversations ΓÇ║ should get user conversations

    expected 200 "OK", got 401 "Unauthorized"

      214 |                 .get('/api/messages/conversations')
      215 |                 .set('Authorization', `Bearer ${customerToken}`)
    > 216 |                 .expect(200);
          |                  ^
      217 |
      218 |             expect(response.body).toHaveProperty('success', true);
      219 |             expect(response.body).toHaveProperty('conversations');

      at Object.expect (tests/messaging.test.js:216:18)
      ----
      at Test._assertStatus (node_modules/supertest/lib/test.js:252:14)
      at node_modules/supertest/lib/test.js:308:13
      at Test._assertFunction (node_modules/supertest/lib/test.js:285:13)
      at Test.assert (node_modules/supertest/lib/test.js:164:23)
      at Server.localAssert (node_modules/supertest/lib/test.js:120:14)
      at Object.apply (node_modules/@sentry/node-core/src/integrations/http/httpServerIntegration.ts:168:23)

  ΓùÅ Messaging API Tests ΓÇ║ POST /api/messages/order/:orderId/read ΓÇ║ should mark messages as read

    expected 200 "OK", got 401 "Unauthorized"

      242 |                 .post(`/api/messages/order/${orderId}/read`)
      243 |                 .set('Authorization', `Bearer ${customerToken}`)
    > 244 |                 .expect(200);
          |                  ^
      245 |
      246 |             expect(response.body).toHaveProperty('success', true);
      247 |

      at Object.expect (tests/messaging.test.js:244:18)
      ----
      at Test._assertStatus (node_modules/supertest/lib/test.js:252:14)
      at node_modules/supertest/lib/test.js:308:13
      at Test._assertFunction (node_modules/supertest/lib/test.js:285:13)
      at Test.assert (node_modules/supertest/lib/test.js:164:23)
      at Server.localAssert (node_modules/supertest/lib/test.js:120:14)
      at Object.apply (node_modules/@sentry/node-core/src/integrations/http/httpServerIntegration.ts:168:23)

  ΓùÅ Messaging API Tests ΓÇ║ GET /api/messages/unread-count ΓÇ║ should get unread message count

    expected 200 "OK", got 401 "Unauthorized"

      280 |                 .get('/api/messages/unread-count')
      281 |                 .set('Authorization', `Bearer ${customerToken}`)
    > 282 |                 .expect(200);
          |                  ^
      283 |
      284 |             expect(response.body).toHaveProperty('success', true);
      285 |             expect(response.body).toHaveProperty('unreadCount');

      at Object.expect (tests/messaging.test.js:282:18)
      ----
      at Test._assertStatus (node_modules/supertest/lib/test.js:252:14)
      at node_modules/supertest/lib/test.js:308:13
      at Test._assertFunction (node_modules/supertest/lib/test.js:285:13)
      at Test.assert (node_modules/supertest/lib/test.js:164:23)
      at Server.localAssert (node_modules/supertest/lib/test.js:120:14)
      at Object.apply (node_modules/@sentry/node-core/src/integrations/http/httpServerIntegration.ts:168:23)

FAIL tests/payment.test.js (26.509 s)
  ΓùÅ Console

    console.error
      ≡ƒöÑ CRITICAL DEBUG: server.js is running!

      3 |
      4 | const express = require('express');
    > 5 | console.error('≡ƒöÑ CRITICAL DEBUG: server.js is running!');
        |         ^
      6 | const cors = require('cors');
      7 | const dotenv = require('dotenv');
      8 | const jwt = require('jsonwebtoken');

      at Object.error (server.js:5:9)
      at Object.require (tests/payment.test.js:9:13)

    console.log
      2025-12-05 20:02:41 [info]: ≡ƒöº Loading environment from: .env
      {
        "envFile": ".env"
      }

      at Console.log (node_modules/winston/lib/winston/transports/console.js:87:23)

    console.log
      Γ£à Security configuration validated

      at log (middleware/security.js:180:13)

    console.log
      Γ£à Admin API endpoints loaded successfully - All 3 parts complete

      at console.log (node_modules/@sentry/core/src/instrument/console.ts:39:14)

    console.log
      2025-12-05 20:02:45 [http]: REQUEST: POST /api/payments/create-intent
      {
        "method": "POST",
        "url": "/api/payments/create-intent",
        "ip": "::ffff:127.0.0.1",
        "category": "http"
      }

      at Console.log (node_modules/winston/lib/winston/transports/console.js:87:23)

    console.log
      2025-12-05 20:02:45 [warn]: SECURITY: Invalid token provided
      {
        "error": "jwt audience invalid. expected: matrix-delivery-api",
        "code": "INVALID_TOKEN",
        "ip": "::ffff:127.0.0.1",
        "path": "/create-intent",
        "category": "security"
      }

      at Console.log (node_modules/winston/lib/winston/transports/console.js:87:23)

    console.log
      2025-12-05 20:02:45 [http]: HTTP_REQUEST
      {
        "method": "::ffff:127.0.0.1",
        "url": "-",
        "status": null,
        "responseTime": "[05/Dec/2025:18:02:45",
        "ip": "/api/payments/create-intent",
        "userAgent": "401",
        "category": "http"
      }

      at Console.log (node_modules/winston/lib/winston/transports/console.js:87:23)

    console.log
      2025-12-05 20:02:45 [warn]: RESPONSE: POST /api/payments/create-intent 401
      {
        "method": "POST",
        "url": "/api/payments/create-intent",
        "statusCode": 401,
        "duration": "122ms",
        "ip": "::ffff:127.0.0.1",
        "category": "http"
      }

      at Console.log (node_modules/winston/lib/winston/transports/console.js:87:23)

    console.log
      2025-12-05 20:02:46 [http]: REQUEST: POST /api/payments/create-intent
      {
        "method": "POST",
        "url": "/api/payments/create-intent",
        "ip": "::ffff:127.0.0.1",
        "category": "http"
      }

      at Console.log (node_modules/winston/lib/winston/transports/console.js:87:23)

    console.log
      2025-12-05 20:02:46 [warn]: SECURITY: Invalid token provided
      {
        "error": "jwt audience invalid. expected: matrix-delivery-api",
        "code": "INVALID_TOKEN",
        "ip": "::ffff:127.0.0.1",
        "path": "/create-intent",
        "category": "security"
      }

      at Console.log (node_modules/winston/lib/winston/transports/console.js:87:23)

    console.log
      2025-12-05 20:02:46 [http]: HTTP_REQUEST
      {
        "method": "::ffff:127.0.0.1",
        "url": "-",
        "status": null,
        "responseTime": "[05/Dec/2025:18:02:46",
        "ip": "/api/payments/create-intent",
        "userAgent": "401",
        "category": "http"
      }

      at Console.log (node_modules/winston/lib/winston/transports/console.js:87:23)

    console.log
      2025-12-05 20:02:46 [warn]: RESPONSE: POST /api/payments/create-intent 401
      {
        "method": "POST",
        "url": "/api/payments/create-intent",
        "statusCode": 401,
        "duration": "22ms",
        "ip": "::ffff:127.0.0.1",
        "category": "http"
      }

      at Console.log (node_modules/winston/lib/winston/transports/console.js:87:23)

    console.log
      2025-12-05 20:02:46 [http]: REQUEST: POST /api/payments/create-intent
      {
        "method": "POST",
        "url": "/api/payments/create-intent",
        "ip": "::ffff:127.0.0.1",
        "category": "http"
      }

      at Console.log (node_modules/winston/lib/winston/transports/console.js:87:23)

    console.log
      2025-12-05 20:02:46 [warn]: SECURITY: Access attempt without token
      {
        "ip": "::ffff:127.0.0.1",
        "path": "/create-intent",
        "method": "POST",
        "category": "security"
      }

      at Console.log (node_modules/winston/lib/winston/transports/console.js:87:23)

    console.log
      2025-12-05 20:02:46 [http]: HTTP_REQUEST
      {
        "method": "::ffff:127.0.0.1",
        "url": "-",
        "status": null,
        "responseTime": "[05/Dec/2025:18:02:46",
        "ip": "/api/payments/create-intent",
        "userAgent": "401",
        "category": "http"
      }

      at Console.log (node_modules/winston/lib/winston/transports/console.js:87:23)

    console.log
      2025-12-05 20:02:46 [warn]: RESPONSE: POST /api/payments/create-intent 401
      {
        "method": "POST",
        "url": "/api/payments/create-intent",
        "statusCode": 401,
        "duration": "15ms",
        "ip": "::ffff:127.0.0.1",
        "category": "http"
      }

      at Console.log (node_modules/winston/lib/winston/transports/console.js:87:23)

    console.log
      2025-12-05 20:02:46 [http]: REQUEST: POST /api/payments/create-intent
      {
        "method": "POST",
        "url": "/api/payments/create-intent",
        "ip": "::ffff:127.0.0.1",
        "category": "http"
      }

      at Console.log (node_modules/winston/lib/winston/transports/console.js:87:23)

    console.log
      2025-12-05 20:02:46 [warn]: SECURITY: Invalid token provided
      {
        "error": "jwt audience invalid. expected: matrix-delivery-api",
        "code": "INVALID_TOKEN",
        "ip": "::ffff:127.0.0.1",
        "path": "/create-intent",
        "category": "security"
      }

      at Console.log (node_modules/winston/lib/winston/transports/console.js:87:23)

    console.log
      2025-12-05 20:02:46 [http]: HTTP_REQUEST
      {
        "method": "::ffff:127.0.0.1",
        "url": "-",
        "status": null,
        "responseTime": "[05/Dec/2025:18:02:46",
        "ip": "/api/payments/create-intent",
        "userAgent": "401",
        "category": "http"
      }

      at Console.log (node_modules/winston/lib/winston/transports/console.js:87:23)

    console.log
      2025-12-05 20:02:46 [warn]: RESPONSE: POST /api/payments/create-intent 401
      {
        "method": "POST",
        "url": "/api/payments/create-intent",
        "statusCode": 401,
        "duration": "16ms",
        "ip": "::ffff:127.0.0.1",
        "category": "http"
      }

      at Console.log (node_modules/winston/lib/winston/transports/console.js:87:23)

    console.error
      Database logging failed: relation "logs" does not exist

      180 |     } catch (err) {
      181 |       // Silent fail for logging to avoid impacting request flow
    > 182 |       console.error('Database logging failed:', err.message);
          |               ^
      183 |     }
      184 |   });
      185 |   next();

      at console.error (node_modules/@sentry/core/src/instrument/console.ts:39:14)
      at ServerResponse.error (server.js:182:15)

    console.error
      Database logging failed: relation "logs" does not exist

      180 |     } catch (err) {
      181 |       // Silent fail for logging to avoid impacting request flow
    > 182 |       console.error('Database logging failed:', err.message);
          |               ^
      183 |     }
      184 |   });
      185 |   next();

      at console.error (node_modules/@sentry/core/src/instrument/console.ts:39:14)
      at ServerResponse.error (server.js:182:15)

    console.log
      2025-12-05 20:02:46 [http]: REQUEST: GET /api/payments/order/order-pay-id
      {
        "method": "GET",
        "url": "/api/payments/order/order-pay-id",
        "ip": "::ffff:127.0.0.1",
        "category": "http"
      }

      at Console.log (node_modules/winston/lib/winston/transports/console.js:87:23)

    console.log
      2025-12-05 20:02:46 [warn]: SECURITY: Invalid token provided
      {
        "error": "jwt audience invalid. expected: matrix-delivery-api",
        "code": "INVALID_TOKEN",
        "ip": "::ffff:127.0.0.1",
        "path": "/order/order-pay-id",
        "category": "security"
      }

      at Console.log (node_modules/winston/lib/winston/transports/console.js:87:23)

    console.log
      2025-12-05 20:02:46 [http]: HTTP_REQUEST
      {
        "method": "::ffff:127.0.0.1",
        "url": "-",
        "status": null,
        "responseTime": "[05/Dec/2025:18:02:46",
        "ip": "/api/payments/order/order-pay-id",
        "userAgent": "401",
        "category": "http"
      }

      at Console.log (node_modules/winston/lib/winston/transports/console.js:87:23)

    console.log
      2025-12-05 20:02:46 [warn]: RESPONSE: GET /api/payments/order/order-pay-id 401
      {
        "method": "GET",
        "url": "/api/payments/order/order-pay-id",
        "statusCode": 401,
        "duration": "20ms",
        "ip": "::ffff:127.0.0.1",
        "category": "http"
      }

      at Console.log (node_modules/winston/lib/winston/transports/console.js:87:23)

    console.log
      2025-12-05 20:02:46 [http]: REQUEST: GET /api/payments/order/order-pay-id
      {
        "method": "GET",
        "url": "/api/payments/order/order-pay-id",
        "ip": "::ffff:127.0.0.1",
        "category": "http"
      }

      at Console.log (node_modules/winston/lib/winston/transports/console.js:87:23)

    console.log
      2025-12-05 20:02:46 [warn]: SECURITY: Access attempt without token
      {
        "ip": "::ffff:127.0.0.1",
        "path": "/order/order-pay-id",
        "method": "GET",
        "category": "security"
      }

      at Console.log (node_modules/winston/lib/winston/transports/console.js:87:23)

    console.log
      2025-12-05 20:02:46 [http]: HTTP_REQUEST
      {
        "method": "::ffff:127.0.0.1",
        "url": "-",
        "status": null,
        "responseTime": "[05/Dec/2025:18:02:46",
        "ip": "/api/payments/order/order-pay-id",
        "userAgent": "401",
        "category": "http"
      }

      at Console.log (node_modules/winston/lib/winston/transports/console.js:87:23)

    console.log
      2025-12-05 20:02:46 [warn]: RESPONSE: GET /api/payments/order/order-pay-id 401
      {
        "method": "GET",
        "url": "/api/payments/order/order-pay-id",
        "statusCode": 401,
        "duration": "20ms",
        "ip": "::ffff:127.0.0.1",
        "category": "http"
      }

      at Console.log (node_modules/winston/lib/winston/transports/console.js:87:23)

    console.log
      2025-12-05 20:02:46 [http]: REQUEST: GET /api/payments/order/non-existent-order
      {
        "method": "GET",
        "url": "/api/payments/order/non-existent-order",
        "ip": "::ffff:127.0.0.1",
        "category": "http"
      }

      at Console.log (node_modules/winston/lib/winston/transports/console.js:87:23)

    console.log
      2025-12-05 20:02:46 [warn]: SECURITY: Invalid token provided
      {
        "error": "jwt audience invalid. expected: matrix-delivery-api",
        "code": "INVALID_TOKEN",
        "ip": "::ffff:127.0.0.1",
        "path": "/order/non-existent-order",
        "category": "security"
      }

      at Console.log (node_modules/winston/lib/winston/transports/console.js:87:23)

    console.log
      2025-12-05 20:02:46 [http]: HTTP_REQUEST
      {
        "method": "::ffff:127.0.0.1",
        "url": "-",
        "status": null,
        "responseTime": "[05/Dec/2025:18:02:46",
        "ip": "/api/payments/order/non-existent-order",
        "userAgent": "401",
        "category": "http"
      }

      at Console.log (node_modules/winston/lib/winston/transports/console.js:87:23)

    console.log
      2025-12-05 20:02:46 [warn]: RESPONSE: GET /api/payments/order/non-existent-order 401
      {
        "method": "GET",
        "url": "/api/payments/order/non-existent-order",
        "statusCode": 401,
        "duration": "20ms",
        "ip": "::ffff:127.0.0.1",
        "category": "http"
      }

      at Console.log (node_modules/winston/lib/winston/transports/console.js:87:23)

    console.log
      2025-12-05 20:02:46 [http]: REQUEST: POST /api/payments/refund/payment-refund-id
      {
        "method": "POST",
        "url": "/api/payments/refund/payment-refund-id",
        "ip": "::ffff:127.0.0.1",
        "category": "http"
      }

      at Console.log (node_modules/winston/lib/winston/transports/console.js:87:23)

    console.log
      2025-12-05 20:02:46 [warn]: SECURITY: Invalid token provided
      {
        "error": "jwt audience invalid. expected: matrix-delivery-api",
        "code": "INVALID_TOKEN",
        "ip": "::ffff:127.0.0.1",
        "path": "/refund/payment-refund-id",
        "category": "security"
      }

      at Console.log (node_modules/winston/lib/winston/transports/console.js:87:23)

    console.log
      2025-12-05 20:02:46 [http]: HTTP_REQUEST
      {
        "method": "::ffff:127.0.0.1",
        "url": "-",
        "status": null,
        "responseTime": "[05/Dec/2025:18:02:46",
        "ip": "/api/payments/refund/payment-refund-id",
        "userAgent": "401",
        "category": "http"
      }

      at Console.log (node_modules/winston/lib/winston/transports/console.js:87:23)

    console.log
      2025-12-05 20:02:46 [warn]: RESPONSE: POST /api/payments/refund/payment-refund-id 401
      {
        "method": "POST",
        "url": "/api/payments/refund/payment-refund-id",
        "statusCode": 401,
        "duration": "21ms",
        "ip": "::ffff:127.0.0.1",
        "category": "http"
      }

      at Console.log (node_modules/winston/lib/winston/transports/console.js:87:23)

    console.error
      Database logging failed: relation "logs" does not exist

      180 |     } catch (err) {
      181 |       // Silent fail for logging to avoid impacting request flow
    > 182 |       console.error('Database logging failed:', err.message);
          |               ^
      183 |     }
      184 |   });
      185 |   next();

      at console.error (node_modules/@sentry/core/src/instrument/console.ts:39:14)
      at ServerResponse.error (server.js:182:15)

    console.log
      2025-12-05 20:02:47 [http]: REQUEST: POST /api/payments/refund/payment-refund-id
      {
        "method": "POST",
        "url": "/api/payments/refund/payment-refund-id",
        "ip": "::ffff:127.0.0.1",
        "category": "http"
      }

      at Console.log (node_modules/winston/lib/winston/transports/console.js:87:23)

    console.log
      2025-12-05 20:02:47 [warn]: SECURITY: Access attempt without token
      {
        "ip": "::ffff:127.0.0.1",
        "path": "/refund/payment-refund-id",
        "method": "POST",
        "category": "security"
      }

      at Console.log (node_modules/winston/lib/winston/transports/console.js:87:23)

    console.log
      2025-12-05 20:02:47 [http]: HTTP_REQUEST
      {
        "method": "::ffff:127.0.0.1",
        "url": "-",
        "status": null,
        "responseTime": "[05/Dec/2025:18:02:47",
        "ip": "/api/payments/refund/payment-refund-id",
        "userAgent": "401",
        "category": "http"
      }

      at Console.log (node_modules/winston/lib/winston/transports/console.js:87:23)

    console.log
      2025-12-05 20:02:47 [warn]: RESPONSE: POST /api/payments/refund/payment-refund-id 401
      {
        "method": "POST",
        "url": "/api/payments/refund/payment-refund-id",
        "statusCode": 401,
        "duration": "17ms",
        "ip": "::ffff:127.0.0.1",
        "category": "http"
      }

      at Console.log (node_modules/winston/lib/winston/transports/console.js:87:23)

    console.error
      Database logging failed: relation "logs" does not exist

      180 |     } catch (err) {
      181 |       // Silent fail for logging to avoid impacting request flow
    > 182 |       console.error('Database logging failed:', err.message);
          |               ^
      183 |     }
      184 |   });
      185 |   next();

      at console.error (node_modules/@sentry/core/src/instrument/console.ts:39:14)
      at ServerResponse.error (server.js:182:15)

    console.log
      2025-12-05 20:02:47 [http]: REQUEST: GET /api/payments/methods
      {
        "method": "GET",
        "url": "/api/payments/methods",
        "ip": "::ffff:127.0.0.1",
        "category": "http"
      }

      at Console.log (node_modules/winston/lib/winston/transports/console.js:87:23)

    console.log
      2025-12-05 20:02:47 [warn]: SECURITY: Invalid token provided
      {
        "error": "jwt audience invalid. expected: matrix-delivery-api",
        "code": "INVALID_TOKEN",
        "ip": "::ffff:127.0.0.1",
        "path": "/methods",
        "category": "security"
      }

      at Console.log (node_modules/winston/lib/winston/transports/console.js:87:23)

    console.log
      2025-12-05 20:02:47 [http]: HTTP_REQUEST
      {
        "method": "::ffff:127.0.0.1",
        "url": "-",
        "status": null,
        "responseTime": "[05/Dec/2025:18:02:47",
        "ip": "/api/payments/methods",
        "userAgent": "401",
        "category": "http"
      }

      at Console.log (node_modules/winston/lib/winston/transports/console.js:87:23)

    console.log
      2025-12-05 20:02:47 [warn]: RESPONSE: GET /api/payments/methods 401
      {
        "method": "GET",
        "url": "/api/payments/methods",
        "statusCode": 401,
        "duration": "20ms",
        "ip": "::ffff:127.0.0.1",
        "category": "http"
      }

      at Console.log (node_modules/winston/lib/winston/transports/console.js:87:23)

    console.log
      2025-12-05 20:02:47 [http]: REQUEST: GET /api/payments/methods
      {
        "method": "GET",
        "url": "/api/payments/methods",
        "ip": "::ffff:127.0.0.1",
        "category": "http"
      }

      at Console.log (node_modules/winston/lib/winston/transports/console.js:87:23)

    console.log
      2025-12-05 20:02:47 [warn]: SECURITY: Access attempt without token
      {
        "ip": "::ffff:127.0.0.1",
        "path": "/methods",
        "method": "GET",
        "category": "security"
      }

      at Console.log (node_modules/winston/lib/winston/transports/console.js:87:23)

    console.log
      2025-12-05 20:02:47 [http]: HTTP_REQUEST
      {
        "method": "::ffff:127.0.0.1",
        "url": "-",
        "status": null,
        "responseTime": "[05/Dec/2025:18:02:47",
        "ip": "/api/payments/methods",
        "userAgent": "401",
        "category": "http"
      }

      at Console.log (node_modules/winston/lib/winston/transports/console.js:87:23)

    console.log
      2025-12-05 20:02:47 [warn]: RESPONSE: GET /api/payments/methods 401
      {
        "method": "GET",
        "url": "/api/payments/methods",
        "statusCode": 401,
        "duration": "19ms",
        "ip": "::ffff:127.0.0.1",
        "category": "http"
      }

      at Console.log (node_modules/winston/lib/winston/transports/console.js:87:23)

    console.error
      Database logging failed: relation "logs" does not exist

      180 |     } catch (err) {
      181 |       // Silent fail for logging to avoid impacting request flow
    > 182 |       console.error('Database logging failed:', err.message);
          |               ^
      183 |     }
      184 |   });
      185 |   next();

      at console.error (node_modules/@sentry/core/src/instrument/console.ts:39:14)
      at ServerResponse.error (server.js:182:15)

    console.log
      2025-12-05 20:02:47 [http]: REQUEST: POST /api/payments/methods
      {
        "method": "POST",
        "url": "/api/payments/methods",
        "ip": "::ffff:127.0.0.1",
        "category": "http"
      }

      at Console.log (node_modules/winston/lib/winston/transports/console.js:87:23)

    console.log
      2025-12-05 20:02:47 [warn]: SECURITY: Invalid token provided
      {
        "error": "jwt audience invalid. expected: matrix-delivery-api",
        "code": "INVALID_TOKEN",
        "ip": "::ffff:127.0.0.1",
        "path": "/methods",
        "category": "security"
      }

      at Console.log (node_modules/winston/lib/winston/transports/console.js:87:23)

    console.log
      2025-12-05 20:02:47 [http]: HTTP_REQUEST
      {
        "method": "::ffff:127.0.0.1",
        "url": "-",
        "status": null,
        "responseTime": "[05/Dec/2025:18:02:47",
        "ip": "/api/payments/methods",
        "userAgent": "401",
        "category": "http"
      }

      at Console.log (node_modules/winston/lib/winston/transports/console.js:87:23)

    console.log
      2025-12-05 20:02:47 [warn]: RESPONSE: POST /api/payments/methods 401
      {
        "method": "POST",
        "url": "/api/payments/methods",
        "statusCode": 401,
        "duration": "16ms",
        "ip": "::ffff:127.0.0.1",
        "category": "http"
      }

      at Console.log (node_modules/winston/lib/winston/transports/console.js:87:23)

    console.error
      Database logging failed: relation "logs" does not exist

      180 |     } catch (err) {
      181 |       // Silent fail for logging to avoid impacting request flow
    > 182 |       console.error('Database logging failed:', err.message);
          |               ^
      183 |     }
      184 |   });
      185 |   next();

      at console.error (node_modules/@sentry/core/src/instrument/console.ts:39:14)
      at ServerResponse.error (server.js:182:15)

    console.log
      2025-12-05 20:02:47 [http]: REQUEST: POST /api/payments/methods
      {
        "method": "POST",
        "url": "/api/payments/methods",
        "ip": "::ffff:127.0.0.1",
        "category": "http"
      }

      at Console.log (node_modules/winston/lib/winston/transports/console.js:87:23)

    console.log
      2025-12-05 20:02:47 [warn]: SECURITY: Invalid token provided
      {
        "error": "jwt audience invalid. expected: matrix-delivery-api",
        "code": "INVALID_TOKEN",
        "ip": "::ffff:127.0.0.1",
        "path": "/methods",
        "category": "security"
      }

      at Console.log (node_modules/winston/lib/winston/transports/console.js:87:23)

    console.log
      2025-12-05 20:02:47 [http]: HTTP_REQUEST
      {
        "method": "::ffff:127.0.0.1",
        "url": "-",
        "status": null,
        "responseTime": "[05/Dec/2025:18:02:47",
        "ip": "/api/payments/methods",
        "userAgent": "401",
        "category": "http"
      }

      at Console.log (node_modules/winston/lib/winston/transports/console.js:87:23)

    console.log
      2025-12-05 20:02:47 [warn]: RESPONSE: POST /api/payments/methods 401
      {
        "method": "POST",
        "url": "/api/payments/methods",
        "statusCode": 401,
        "duration": "15ms",
        "ip": "::ffff:127.0.0.1",
        "category": "http"
      }

      at Console.log (node_modules/winston/lib/winston/transports/console.js:87:23)

    console.error
      Database logging failed: relation "logs" does not exist

      180 |     } catch (err) {
      181 |       // Silent fail for logging to avoid impacting request flow
    > 182 |       console.error('Database logging failed:', err.message);
          |               ^
      183 |     }
      184 |   });
      185 |   next();

      at console.error (node_modules/@sentry/core/src/instrument/console.ts:39:14)
      at ServerResponse.error (server.js:182:15)

    console.log
      2025-12-05 20:02:47 [http]: REQUEST: POST /api/payments/methods
      {
        "method": "POST",
        "url": "/api/payments/methods",
        "ip": "::ffff:127.0.0.1",
        "category": "http"
      }

      at Console.log (node_modules/winston/lib/winston/transports/console.js:87:23)

    console.log
      2025-12-05 20:02:47 [warn]: SECURITY: Access attempt without token
      {
        "ip": "::ffff:127.0.0.1",
        "path": "/methods",
        "method": "POST",
        "category": "security"
      }

      at Console.log (node_modules/winston/lib/winston/transports/console.js:87:23)

    console.log
      2025-12-05 20:02:47 [http]: HTTP_REQUEST
      {
        "method": "::ffff:127.0.0.1",
        "url": "-",
        "status": null,
        "responseTime": "[05/Dec/2025:18:02:47",
        "ip": "/api/payments/methods",
        "userAgent": "401",
        "category": "http"
      }

      at Console.log (node_modules/winston/lib/winston/transports/console.js:87:23)

    console.log
      2025-12-05 20:02:47 [warn]: RESPONSE: POST /api/payments/methods 401
      {
        "method": "POST",
        "url": "/api/payments/methods",
        "statusCode": 401,
        "duration": "15ms",
        "ip": "::ffff:127.0.0.1",
        "category": "http"
      }

      at Console.log (node_modules/winston/lib/winston/transports/console.js:87:23)

    console.error
      Database logging failed: relation "logs" does not exist

      180 |     } catch (err) {
      181 |       // Silent fail for logging to avoid impacting request flow
    > 182 |       console.error('Database logging failed:', err.message);
          |               ^
      183 |     }
      184 |   });
      185 |   next();

      at console.error (node_modules/@sentry/core/src/instrument/console.ts:39:14)
      at ServerResponse.error (server.js:182:15)

    console.error
      Database logging failed: relation "logs" does not exist

      180 |     } catch (err) {
      181 |       // Silent fail for logging to avoid impacting request flow
    > 182 |       console.error('Database logging failed:', err.message);
          |               ^
      183 |     }
      184 |   });
      185 |   next();

      at console.error (node_modules/@sentry/core/src/instrument/console.ts:39:14)
      at ServerResponse.error (server.js:182:15)

  ΓùÅ Payment API Tests ΓÇ║ POST /api/payments/create-intent ΓÇ║ should create payment intent successfully

    expected 200 "OK", got 401 "Unauthorized"

      144 |                 .set('Authorization', `Bearer ${customerToken}`)
      145 |                 .send(paymentData)
    > 146 |                 .expect(200);
          |                  ^
      147 |
      148 |             expect(response.body).toHaveProperty('success', true);
      149 |             expect(response.body).toHaveProperty('paymentIntent');

      at Object.expect (tests/payment.test.js:146:18)
      ----
      at Test._assertStatus (node_modules/supertest/lib/test.js:252:14)
      at node_modules/supertest/lib/test.js:308:13
      at Test._assertFunction (node_modules/supertest/lib/test.js:285:13)
      at Test.assert (node_modules/supertest/lib/test.js:164:23)
      at Server.localAssert (node_modules/supertest/lib/test.js:120:14)
      at Object.apply (node_modules/@sentry/node-core/src/integrations/http/httpServerIntegration.ts:168:23)

  ΓùÅ Payment API Tests ΓÇ║ POST /api/payments/create-intent ΓÇ║ should return 400 for missing required fields

    expected 400 "Bad Request", got 401 "Unauthorized"

      155 |                 .set('Authorization', `Bearer ${customerToken}`)
      156 |                 .send({ orderId })
    > 157 |                 .expect(400);
          |                  ^
      158 |
      159 |             expect(response.body.error).toBeDefined();
      160 |         });

      at Object.expect (tests/payment.test.js:157:18)
      ----
      at Test._assertStatus (node_modules/supertest/lib/test.js:252:14)
      at node_modules/supertest/lib/test.js:308:13
      at Test._assertFunction (node_modules/supertest/lib/test.js:285:13)
      at Test.assert (node_modules/supertest/lib/test.js:164:23)
      at Server.localAssert (node_modules/supertest/lib/test.js:120:14)
      at Object.apply (node_modules/@sentry/node-core/src/integrations/http/httpServerIntegration.ts:168:23)

  ΓùÅ Payment API Tests ΓÇ║ POST /api/payments/create-intent ΓÇ║ should return 400 for invalid amount

    expected 400 "Bad Request", got 401 "Unauthorized"

      172 |                 .set('Authorization', `Bearer ${customerToken}`)
      173 |                 .send({ orderId, amount: -10 })
    > 174 |                 .expect(400);
          |                  ^
      175 |
      176 |             expect(response.body.error).toContain('Amount must be greater than 0');
      177 |         });

      at Object.expect (tests/payment.test.js:174:18)
      ----
      at Test._assertStatus (node_modules/supertest/lib/test.js:252:14)
      at node_modules/supertest/lib/test.js:308:13
      at Test._assertFunction (node_modules/supertest/lib/test.js:285:13)
      at Test.assert (node_modules/supertest/lib/test.js:164:23)
      at Server.localAssert (node_modules/supertest/lib/test.js:120:14)
      at Object.apply (node_modules/@sentry/node-core/src/integrations/http/httpServerIntegration.ts:168:23)

  ΓùÅ Payment API Tests ΓÇ║ GET /api/payments/order/:orderId ΓÇ║ should get payment details for an order

    expected 200 "OK", got 401 "Unauthorized"

      194 |                 .get(`/api/payments/order/${orderId}`)
      195 |                 .set('Authorization', `Bearer ${customerToken}`)
    > 196 |                 .expect(200);
          |                  ^
      197 |
      198 |             expect(response.body).toHaveProperty('success', true);
      199 |             expect(response.body).toHaveProperty('payment');

      at Object.expect (tests/payment.test.js:196:18)
      ----
      at Test._assertStatus (node_modules/supertest/lib/test.js:252:14)
      at node_modules/supertest/lib/test.js:308:13
      at Test._assertFunction (node_modules/supertest/lib/test.js:285:13)
      at Test.assert (node_modules/supertest/lib/test.js:164:23)
      at Server.localAssert (node_modules/supertest/lib/test.js:120:14)
      at Object.apply (node_modules/@sentry/node-core/src/integrations/http/httpServerIntegration.ts:168:23)

  ΓùÅ Payment API Tests ΓÇ║ GET /api/payments/order/:orderId ΓÇ║ should return 404 for non-existent order

    expected 404 "Not Found", got 401 "Unauthorized"

      211 |                 .get('/api/payments/order/non-existent-order')
      212 |                 .set('Authorization', `Bearer ${customerToken}`)
    > 213 |                 .expect(404);
          |                  ^
      214 |         });
      215 |     });
      216 |

      at Object.expect (tests/payment.test.js:213:18)
      ----
      at Test._assertStatus (node_modules/supertest/lib/test.js:252:14)
      at node_modules/supertest/lib/test.js:308:13
      at Test._assertFunction (node_modules/supertest/lib/test.js:285:13)
      at Test.assert (node_modules/supertest/lib/test.js:164:23)
      at Server.localAssert (node_modules/supertest/lib/test.js:120:14)
      at Object.apply (node_modules/@sentry/node-core/src/integrations/http/httpServerIntegration.ts:168:23)

  ΓùÅ Payment API Tests ΓÇ║ POST /api/payments/refund/:paymentId ΓÇ║ should process refund successfully

    expected 200 "OK", got 401 "Unauthorized"

      237 |                 .set('Authorization', `Bearer ${customerToken}`)
      238 |                 .send(refundData)
    > 239 |                 .expect(200);
          |                  ^
      240 |
      241 |             expect(response.body).toHaveProperty('success', true);
      242 |             expect(response.body).toHaveProperty('refund');

      at Object.expect (tests/payment.test.js:239:18)
      ----
      at Test._assertStatus (node_modules/supertest/lib/test.js:252:14)
      at node_modules/supertest/lib/test.js:308:13
      at Test._assertFunction (node_modules/supertest/lib/test.js:285:13)
      at Test.assert (node_modules/supertest/lib/test.js:164:23)
      at Server.localAssert (node_modules/supertest/lib/test.js:120:14)
      at Object.apply (node_modules/@sentry/node-core/src/integrations/http/httpServerIntegration.ts:168:23)

  ΓùÅ Payment API Tests ΓÇ║ GET /api/payments/methods ΓÇ║ should get payment methods for user

    expected 200 "OK", got 401 "Unauthorized"

      256 |                 .get('/api/payments/methods')
      257 |                 .set('Authorization', `Bearer ${customerToken}`)
    > 258 |                 .expect(200);
          |                  ^
      259 |
      260 |             expect(response.body).toHaveProperty('success', true);
      261 |             expect(response.body).toHaveProperty('paymentMethods');

      at Object.expect (tests/payment.test.js:258:18)
      ----
      at Test._assertStatus (node_modules/supertest/lib/test.js:252:14)
      at node_modules/supertest/lib/test.js:308:13
      at Test._assertFunction (node_modules/supertest/lib/test.js:285:13)
      at Test.assert (node_modules/supertest/lib/test.js:164:23)
      at Server.localAssert (node_modules/supertest/lib/test.js:120:14)
      at Object.apply (node_modules/@sentry/node-core/src/integrations/http/httpServerIntegration.ts:168:23)

  ΓùÅ Payment API Tests ΓÇ║ POST /api/payments/methods ΓÇ║ should add payment method successfully

    expected 200 "OK", got 401 "Unauthorized"

      280 |                 .set('Authorization', `Bearer ${customerToken}`)
      281 |                 .send(paymentMethodData)
    > 282 |                 .expect(200);
          |                  ^
      283 |
      284 |             expect(response.body).toHaveProperty('success', true);
      285 |             expect(response.body).toHaveProperty('paymentMethod');

      at Object.expect (tests/payment.test.js:282:18)
      ----
      at Test._assertStatus (node_modules/supertest/lib/test.js:252:14)
      at node_modules/supertest/lib/test.js:308:13
      at Test._assertFunction (node_modules/supertest/lib/test.js:285:13)
      at Test.assert (node_modules/supertest/lib/test.js:164:23)
      at Server.localAssert (node_modules/supertest/lib/test.js:120:14)
      at Object.apply (node_modules/@sentry/node-core/src/integrations/http/httpServerIntegration.ts:168:23)

  ΓùÅ Payment API Tests ΓÇ║ POST /api/payments/methods ΓÇ║ should return 400 for missing required fields

    expected 400 "Bad Request", got 401 "Unauthorized"

      291 |                 .set('Authorization', `Bearer ${customerToken}`)
      292 |                 .send({})
    > 293 |                 .expect(400);
          |                  ^
      294 |
      295 |             expect(response.body.error).toBeDefined();
      296 |         });

      at Object.expect (tests/payment.test.js:293:18)
      ----
      at Test._assertStatus (node_modules/supertest/lib/test.js:252:14)
      at node_modules/supertest/lib/test.js:308:13
      at Test._assertFunction (node_modules/supertest/lib/test.js:285:13)
      at Test.assert (node_modules/supertest/lib/test.js:164:23)
      at Server.localAssert (node_modules/supertest/lib/test.js:120:14)
      at Object.apply (node_modules/@sentry/node-core/src/integrations/http/httpServerIntegration.ts:168:23)


  ΓùÅ  Cannot log after tests are done. Did you forget to wait for something async in your test?
    Attempted to log "Database logging failed: relation "logs" does not exist".

      180 |     } catch (err) {
      181 |       // Silent fail for logging to avoid impacting request flow
    > 182 |       console.error('Database logging failed:', err.message);
          |               ^
      183 |     }
      184 |   });
      185 |   next();

      at console.error (node_modules/@jest/console/build/BufferedConsole.js:127:10)
      at console.error (node_modules/@sentry/core/src/instrument/console.ts:39:14)
      at ServerResponse.error (server.js:182:15)


  ΓùÅ  Cannot log after tests are done. Did you forget to wait for something async in your test?
    Attempted to log "Database logging failed: relation "logs" does not exist".

      180 |     } catch (err) {
      181 |       // Silent fail for logging to avoid impacting request flow
    > 182 |       console.error('Database logging failed:', err.message);
          |               ^
      183 |     }
      184 |   });
      185 |   next();

      at console.error (node_modules/@jest/console/build/BufferedConsole.js:127:10)
      at console.error (node_modules/@sentry/core/src/instrument/console.ts:39:14)
      at ServerResponse.error (server.js:182:15)


  ΓùÅ  Cannot log after tests are done. Did you forget to wait for something async in your test?
    Attempted to log "Database logging failed: relation "logs" does not exist".

      180 |     } catch (err) {
      181 |       // Silent fail for logging to avoid impacting request flow
    > 182 |       console.error('Database logging failed:', err.message);
          |               ^
      183 |     }
      184 |   });
      185 |   next();

      at console.error (node_modules/@jest/console/build/BufferedConsole.js:127:10)
      at console.error (node_modules/@sentry/core/src/instrument/console.ts:39:14)
      at ServerResponse.error (server.js:182:15)


  ΓùÅ  Cannot log after tests are done. Did you forget to wait for something async in your test?
    Attempted to log "Database logging failed: relation "logs" does not exist".

      180 |     } catch (err) {
      181 |       // Silent fail for logging to avoid impacting request flow
    > 182 |       console.error('Database logging failed:', err.message);
          |               ^
      183 |     }
      184 |   });
      185 |   next();

      at console.error (node_modules/@jest/console/build/BufferedConsole.js:127:10)
      at console.error (node_modules/@sentry/core/src/instrument/console.ts:39:14)
      at ServerResponse.error (server.js:182:15)


  ΓùÅ  Cannot log after tests are done. Did you forget to wait for something async in your test?
    Attempted to log "Database logging failed: Connection terminated due to connection timeout".

      180 |     } catch (err) {
      181 |       // Silent fail for logging to avoid impacting request flow
    > 182 |       console.error('Database logging failed:', err.message);
          |               ^
      183 |     }
      184 |   });
      185 |   next();

      at console.error (node_modules/@jest/console/build/BufferedConsole.js:127:10)
      at console.error (node_modules/@sentry/core/src/instrument/console.ts:39:14)
      at ServerResponse.error (server.js:182:15)


  ΓùÅ  Cannot log after tests are done. Did you forget to wait for something async in your test?
    Attempted to log "Database logging failed: Connection terminated due to connection timeout".

      180 |     } catch (err) {
      181 |       // Silent fail for logging to avoid impacting request flow
    > 182 |       console.error('Database logging failed:', err.message);
          |               ^
      183 |     }
      184 |   });
      185 |   next();

      at console.error (node_modules/@jest/console/build/BufferedConsole.js:127:10)
      at console.error (node_modules/@sentry/core/src/instrument/console.ts:39:14)
      at ServerResponse.error (server.js:182:15)


  ΓùÅ  Cannot log after tests are done. Did you forget to wait for something async in your test?
    Attempted to log "Database logging failed: Connection terminated due to connection timeout".

      180 |     } catch (err) {
      181 |       // Silent fail for logging to avoid impacting request flow
    > 182 |       console.error('Database logging failed:', err.message);
          |               ^
      183 |     }
      184 |   });
      185 |   next();

      at console.error (node_modules/@jest/console/build/BufferedConsole.js:127:10)
      at console.error (node_modules/@sentry/core/src/instrument/console.ts:39:14)
      at ServerResponse.error (server.js:182:15)


  ΓùÅ  Cannot log after tests are done. Did you forget to wait for something async in your test?
    Attempted to log "Database logging failed: Connection terminated due to connection timeout".

      180 |     } catch (err) {
      181 |       // Silent fail for logging to avoid impacting request flow
    > 182 |       console.error('Database logging failed:', err.message);
          |               ^
      183 |     }
      184 |   });
      185 |   next();

      at console.error (node_modules/@jest/console/build/BufferedConsole.js:127:10)
      at console.error (node_modules/@sentry/core/src/instrument/console.ts:39:14)
      at ServerResponse.error (server.js:182:15)


  ΓùÅ  Cannot log after tests are done. Did you forget to wait for something async in your test?
    Attempted to log "Database logging failed: Connection terminated due to connection timeout".

      180 |     } catch (err) {
      181 |       // Silent fail for logging to avoid impacting request flow
    > 182 |       console.error('Database logging failed:', err.message);
          |               ^
      183 |     }
      184 |   });
      185 |   next();

      at console.error (node_modules/@jest/console/build/BufferedConsole.js:127:10)
      at console.error (node_modules/@sentry/core/src/instrument/console.ts:39:14)
      at ServerResponse.error (server.js:182:15)

PASS tests/comprehensive_workflow.test.js
PASS tests/utils/validators.test.js
PASS tests/utils/cache.test.js
  ΓùÅ Console

    console.warn
      Location cache read error (non-critical): Database error

      89 |         return record.payload;
      90 |     } catch (error) {
    > 91 |         console.warn('Location cache read error (non-critical):', error.message);
         |                 ^
      92 |         return null;
      93 |     }
      94 | };

      at warn (utils/cache.js:91:17)
      at Object.<anonymous> (tests/utils/cache.test.js:232:28)

    console.warn
      Location cache write error (non-critical): Database error

      112 |         );
      113 |     } catch (error) {
    > 114 |         console.warn('Location cache write error (non-critical):', error.message);
          |                 ^
      115 |     }
      116 | };
      117 |

      at warn (utils/cache.js:114:17)
      at Object.<anonymous> (tests/utils/cache.test.js:280:13)

PASS tests/config/constants.test.js
FAIL tests/services/loggingService.test.js (5.651 s)
  ΓùÅ Console

    console.log
      2025-12-05 20:02:53 [error]: Failed to create log entry in database
      {
        "error": "SASL: SCRAM-SERVER-FIRST-MESSAGE: client password must be a string",
        "stack": "Error: SASL: SCRAM-SERVER-FIRST-MESSAGE: client password must be a string\n    at D:\\matrix-delivery\\backend\\node_modules\\pg-pool\\index.js:45:11\n    at processTicksAndRejections (node:internal/process/task_queues:105:5)\n    at LoggingService.createLog (D:\\matrix-delivery\\backend\\services\\loggingService.js:37:28)\n    at Object.<anonymous> (D:\\matrix-delivery\\backend\\tests\\services\\loggingService.test.js:83:17)",
        "category": "logging_service"
      }

      at Console.log (node_modules/winston/lib/winston/transports/console.js:87:23)

    console.log
      2025-12-05 20:02:54 [error]: Failed to create log entry in database
      {
        "error": "SASL: SCRAM-SERVER-FIRST-MESSAGE: client password must be a string",
        "stack": "Error: SASL: SCRAM-SERVER-FIRST-MESSAGE: client password must be a string\n    at D:\\matrix-delivery\\backend\\node_modules\\pg-pool\\index.js:45:11\n    at processTicksAndRejections (node:internal/process/task_queues:105:5)\n    at LoggingService.createLog (D:\\matrix-delivery\\backend\\services\\loggingService.js:37:28)\n    at Object.<anonymous> (D:\\matrix-delivery\\backend\\tests\\services\\loggingService.test.js:83:17)",
        "category": "logging_service"
      }

      at Console.log (node_modules/winston/lib/winston/transports/console.js:87:23)

    console.log
      2025-12-05 20:02:54 [error]: Failed to create log entry in database
      {
        "error": "SASL: SCRAM-SERVER-FIRST-MESSAGE: client password must be a string",
        "stack": "Error: SASL: SCRAM-SERVER-FIRST-MESSAGE: client password must be a string\n    at D:\\matrix-delivery\\backend\\node_modules\\pg-pool\\index.js:45:11\n    at processTicksAndRejections (node:internal/process/task_queues:105:5)\n    at LoggingService.createLog (D:\\matrix-delivery\\backend\\services\\loggingService.js:37:28)\n    at Object.<anonymous> (D:\\matrix-delivery\\backend\\tests\\services\\loggingService.test.js:83:17)",
        "category": "logging_service"
      }

      at Console.log (node_modules/winston/lib/winston/transports/console.js:87:23)

    console.log
      2025-12-05 20:02:55 [error]: Failed to create log entry in database
      {
        "error": "SASL: SCRAM-SERVER-FIRST-MESSAGE: client password must be a string",
        "stack": "Error: SASL: SCRAM-SERVER-FIRST-MESSAGE: client password must be a string\n    at D:\\matrix-delivery\\backend\\node_modules\\pg-pool\\index.js:45:11\n    at processTicksAndRejections (node:internal/process/task_queues:105:5)\n    at LoggingService.createLog (D:\\matrix-delivery\\backend\\services\\loggingService.js:37:28)\n    at Object.<anonymous> (D:\\matrix-delivery\\backend\\tests\\services\\loggingService.test.js:83:17)",
        "category": "logging_service"
      }

      at Console.log (node_modules/winston/lib/winston/transports/console.js:87:23)

    console.log
      2025-12-05 20:02:55 [error]: Failed to create log entry in database
      {
        "error": "SASL: SCRAM-SERVER-FIRST-MESSAGE: client password must be a string",
        "stack": "Error: SASL: SCRAM-SERVER-FIRST-MESSAGE: client password must be a string\n    at D:\\matrix-delivery\\backend\\node_modules\\pg-pool\\index.js:45:11\n    at processTicksAndRejections (node:internal/process/task_queues:105:5)\n    at LoggingService.createLog (D:\\matrix-delivery\\backend\\services\\loggingService.js:37:28)\n    at Object.<anonymous> (D:\\matrix-delivery\\backend\\tests\\services\\loggingService.test.js:167:25)",
        "category": "logging_service"
      }

      at Console.log (node_modules/winston/lib/winston/transports/console.js:87:23)

  ΓùÅ LoggingService ΓÇ║ createLog ΓÇ║ should create a log entry

    SASL: SCRAM-SERVER-FIRST-MESSAGE: client password must be a string

      19 |
      20 |         // Create test user
    > 21 |         const result = await pool.query(
         |                        ^
      22 |             `INSERT INTO users (id, name, email, password, phone, role)
      23 |        VALUES ('test_user_logs', 'Test User', 'testlogs@example.com', 'hash', '+1234567890', 'customer')
      24 |        RETURNING id`

      at node_modules/pg-pool/index.js:45:11
      at Object.<anonymous> (tests/services/loggingService.test.js:21:24)

  ΓùÅ LoggingService ΓÇ║ createLog ΓÇ║ should handle missing optional fields

    SASL: SCRAM-SERVER-FIRST-MESSAGE: client password must be a string

      19 |
      20 |         // Create test user
    > 21 |         const result = await pool.query(
         |                        ^
      22 |             `INSERT INTO users (id, name, email, password, phone, role)
      23 |        VALUES ('test_user_logs', 'Test User', 'testlogs@example.com', 'hash', '+1234567890', 'customer')
      24 |        RETURNING id`

      at node_modules/pg-pool/index.js:45:11
      at Object.<anonymous> (tests/services/loggingService.test.js:21:24)

  ΓùÅ LoggingService ΓÇ║ getLogs ΓÇ║ should retrieve all logs without filters

    SASL: SCRAM-SERVER-FIRST-MESSAGE: client password must be a string

      19 |
      20 |         // Create test user
    > 21 |         const result = await pool.query(
         |                        ^
      22 |             `INSERT INTO users (id, name, email, password, phone, role)
      23 |        VALUES ('test_user_logs', 'Test User', 'testlogs@example.com', 'hash', '+1234567890', 'customer')
      24 |        RETURNING id`

      at node_modules/pg-pool/index.js:45:11
      at Object.<anonymous> (tests/services/loggingService.test.js:21:24)

  ΓùÅ LoggingService ΓÇ║ getLogs ΓÇ║ should filter by level

    SASL: SCRAM-SERVER-FIRST-MESSAGE: client password must be a string

      19 |
      20 |         // Create test user
    > 21 |         const result = await pool.query(
         |                        ^
      22 |             `INSERT INTO users (id, name, email, password, phone, role)
      23 |        VALUES ('test_user_logs', 'Test User', 'testlogs@example.com', 'hash', '+1234567890', 'customer')
      24 |        RETURNING id`

      at node_modules/pg-pool/index.js:45:11
      at Object.<anonymous> (tests/services/loggingService.test.js:21:24)

  ΓùÅ LoggingService ΓÇ║ getLogs ΓÇ║ should filter by source

    SASL: SCRAM-SERVER-FIRST-MESSAGE: client password must be a string

      19 |
      20 |         // Create test user
    > 21 |         const result = await pool.query(
         |                        ^
      22 |             `INSERT INTO users (id, name, email, password, phone, role)
      23 |        VALUES ('test_user_logs', 'Test User', 'testlogs@example.com', 'hash', '+1234567890', 'customer')
      24 |        RETURNING id`

      at node_modules/pg-pool/index.js:45:11
      at Object.<anonymous> (tests/services/loggingService.test.js:21:24)

  ΓùÅ LoggingService ΓÇ║ getLogs ΓÇ║ should filter by category

    SASL: SCRAM-SERVER-FIRST-MESSAGE: client password must be a string

      19 |
      20 |         // Create test user
    > 21 |         const result = await pool.query(
         |                        ^
      22 |             `INSERT INTO users (id, name, email, password, phone, role)
      23 |        VALUES ('test_user_logs', 'Test User', 'testlogs@example.com', 'hash', '+1234567890', 'customer')
      24 |        RETURNING id`

      at node_modules/pg-pool/index.js:45:11
      at Object.<anonymous> (tests/services/loggingService.test.js:21:24)

  ΓùÅ LoggingService ΓÇ║ getLogs ΓÇ║ should filter by userId

    SASL: SCRAM-SERVER-FIRST-MESSAGE: client password must be a string

      19 |
      20 |         // Create test user
    > 21 |         const result = await pool.query(
         |                        ^
      22 |             `INSERT INTO users (id, name, email, password, phone, role)
      23 |        VALUES ('test_user_logs', 'Test User', 'testlogs@example.com', 'hash', '+1234567890', 'customer')
      24 |        RETURNING id`

      at node_modules/pg-pool/index.js:45:11
      at Object.<anonymous> (tests/services/loggingService.test.js:21:24)

  ΓùÅ LoggingService ΓÇ║ getLogs ΓÇ║ should search in message

    SASL: SCRAM-SERVER-FIRST-MESSAGE: client password must be a string

      19 |
      20 |         // Create test user
    > 21 |         const result = await pool.query(
         |                        ^
      22 |             `INSERT INTO users (id, name, email, password, phone, role)
      23 |        VALUES ('test_user_logs', 'Test User', 'testlogs@example.com', 'hash', '+1234567890', 'customer')
      24 |        RETURNING id`

      at node_modules/pg-pool/index.js:45:11
      at Object.<anonymous> (tests/services/loggingService.test.js:21:24)

  ΓùÅ LoggingService ΓÇ║ getLogs ΓÇ║ should paginate results

    SASL: SCRAM-SERVER-FIRST-MESSAGE: client password must be a string

      19 |
      20 |         // Create test user
    > 21 |         const result = await pool.query(
         |                        ^
      22 |             `INSERT INTO users (id, name, email, password, phone, role)
      23 |        VALUES ('test_user_logs', 'Test User', 'testlogs@example.com', 'hash', '+1234567890', 'customer')
      24 |        RETURNING id`

      at node_modules/pg-pool/index.js:45:11
      at Object.<anonymous> (tests/services/loggingService.test.js:21:24)

  ΓùÅ LoggingService ΓÇ║ getLogs ΓÇ║ should filter by date range

    SASL: SCRAM-SERVER-FIRST-MESSAGE: client password must be a string

      19 |
      20 |         // Create test user
    > 21 |         const result = await pool.query(
         |                        ^
      22 |             `INSERT INTO users (id, name, email, password, phone, role)
      23 |        VALUES ('test_user_logs', 'Test User', 'testlogs@example.com', 'hash', '+1234567890', 'customer')
      24 |        RETURNING id`

      at node_modules/pg-pool/index.js:45:11
      at Object.<anonymous> (tests/services/loggingService.test.js:21:24)

  ΓùÅ LoggingService ΓÇ║ getLogById ΓÇ║ should retrieve a log by ID

    SASL: SCRAM-SERVER-FIRST-MESSAGE: client password must be a string

      19 |
      20 |         // Create test user
    > 21 |         const result = await pool.query(
         |                        ^
      22 |             `INSERT INTO users (id, name, email, password, phone, role)
      23 |        VALUES ('test_user_logs', 'Test User', 'testlogs@example.com', 'hash', '+1234567890', 'customer')
      24 |        RETURNING id`

      at node_modules/pg-pool/index.js:45:11
      at Object.<anonymous> (tests/services/loggingService.test.js:21:24)

  ΓùÅ LoggingService ΓÇ║ getLogById ΓÇ║ should retrieve a log by ID

    TypeError: Cannot read properties of null (reading 'id')

      171 |                 userId: testUserId
      172 |             });
    > 173 |             testLogId = log.id;
          |                             ^
      174 |         });
      175 |
      176 |         it('should retrieve a log by ID', async () => {

      at Object.id (tests/services/loggingService.test.js:173:29)

  ΓùÅ LoggingService ΓÇ║ getLogById ΓÇ║ should return null for non-existent ID

    SASL: SCRAM-SERVER-FIRST-MESSAGE: client password must be a string

      19 |
      20 |         // Create test user
    > 21 |         const result = await pool.query(
         |                        ^
      22 |             `INSERT INTO users (id, name, email, password, phone, role)
      23 |        VALUES ('test_user_logs', 'Test User', 'testlogs@example.com', 'hash', '+1234567890', 'customer')
      24 |        RETURNING id`

      at node_modules/pg-pool/index.js:45:11
      at Object.<anonymous> (tests/services/loggingService.test.js:21:24)

  ΓùÅ LoggingService ΓÇ║ getLogById ΓÇ║ should return null for non-existent ID

    TypeError: Cannot read properties of null (reading 'id')

      171 |                 userId: testUserId
      172 |             });
    > 173 |             testLogId = log.id;
          |                             ^
      174 |         });
      175 |
      176 |         it('should retrieve a log by ID', async () => {

      at Object.id (tests/services/loggingService.test.js:173:29)

  ΓùÅ LoggingService ΓÇ║ getLogStats ΓÇ║ should retrieve log statistics

    SASL: SCRAM-SERVER-FIRST-MESSAGE: client password must be a string

      19 |
      20 |         // Create test user
    > 21 |         const result = await pool.query(
         |                        ^
      22 |             `INSERT INTO users (id, name, email, password, phone, role)
      23 |        VALUES ('test_user_logs', 'Test User', 'testlogs@example.com', 'hash', '+1234567890', 'customer')
      24 |        RETURNING id`

      at node_modules/pg-pool/index.js:45:11
      at Object.<anonymous> (tests/services/loggingService.test.js:21:24)

  ΓùÅ LoggingService ΓÇ║ cleanupOldLogs ΓÇ║ should delete logs older than retention period

    SASL: SCRAM-SERVER-FIRST-MESSAGE: client password must be a string

      19 |
      20 |         // Create test user
    > 21 |         const result = await pool.query(
         |                        ^
      22 |             `INSERT INTO users (id, name, email, password, phone, role)
      23 |        VALUES ('test_user_logs', 'Test User', 'testlogs@example.com', 'hash', '+1234567890', 'customer')
      24 |        RETURNING id`

      at node_modules/pg-pool/index.js:45:11
      at Object.<anonymous> (tests/services/loggingService.test.js:21:24)

  ΓùÅ LoggingService ΓÇ║ cleanupOldLogs ΓÇ║ should delete logs older than retention period

    SASL: SCRAM-SERVER-FIRST-MESSAGE: client password must be a string

      209 |         beforeAll(async () => {
      210 |             // Create old log (35 days ago)
    > 211 |             await pool.query(
          |             ^
      212 |                 `INSERT INTO logs (level, source, category, message, user_id, timestamp)
      213 |          VALUES ('info', 'backend', 'test', 'Old log for cleanup', $1, NOW() - INTERVAL '35 days')`,
      214 |                 [testUserId]

      at node_modules/pg-pool/index.js:45:11
      at Object.<anonymous> (tests/services/loggingService.test.js:211:13)

  ΓùÅ LoggingService ΓÇ║ logBackendEvent ΓÇ║ should log a backend event

    SASL: SCRAM-SERVER-FIRST-MESSAGE: client password must be a string

      19 |
      20 |         // Create test user
    > 21 |         const result = await pool.query(
         |                        ^
      22 |             `INSERT INTO users (id, name, email, password, phone, role)
      23 |        VALUES ('test_user_logs', 'Test User', 'testlogs@example.com', 'hash', '+1234567890', 'customer')
      24 |        RETURNING id`

      at node_modules/pg-pool/index.js:45:11
      at Object.<anonymous> (tests/services/loggingService.test.js:21:24)

  ΓùÅ LoggingService ΓÇ║ logFrontendEvent ΓÇ║ should log a frontend event

    SASL: SCRAM-SERVER-FIRST-MESSAGE: client password must be a string

      19 |
      20 |         // Create test user
    > 21 |         const result = await pool.query(
         |                        ^
      22 |             `INSERT INTO users (id, name, email, password, phone, role)
      23 |        VALUES ('test_user_logs', 'Test User', 'testlogs@example.com', 'hash', '+1234567890', 'customer')
      24 |        RETURNING id`

      at node_modules/pg-pool/index.js:45:11
      at Object.<anonymous> (tests/services/loggingService.test.js:21:24)


  ΓùÅ Test suite failed to run

    SASL: SCRAM-SERVER-FIRST-MESSAGE: client password must be a string

      28 |
      29 |     afterAll(async () => {
    > 30 |         await pool.query('DELETE FROM logs WHERE user_id = $1', [testUserId]);
         |         ^
      31 |         await pool.query('DELETE FROM users WHERE id = $1', [testUserId]);
      32 |         await pool.end();
      33 |     });

      at node_modules/pg-pool/index.js:45:11
      at Object.<anonymous> (tests/services/loggingService.test.js:30:9)

PASS tests/utils/sanitizers.test.js
PASS tests/utils/generators.test.js
FAIL tests/routes/logs.test.js
  ΓùÅ Test suite failed to run

    Cannot find module '../server' from 'tests/routes/logs.test.js'

      1 | const request = require('supertest');
      2 | const { Pool } = require('pg');
    > 3 | const app = require('../server');
        |             ^
      4 |
      5 | describe('Logging API Tests', () => {
      6 |     let pool;

      at Resolver._throwModNotFoundError (node_modules/jest-resolve/build/resolver.js:427:11)
      at Object.require (tests/routes/logs.test.js:3:13)

FAIL routes/__tests__/drivers.earnings.test.js
  ΓùÅ Test suite failed to run

    TypeError: Router.use() requires a middleware function but got a Object

      901 | // Load driver status endpoints
      902 | const driverRoutes = require('./routes/drivers');
    > 903 | app.use('/api/drivers', driverRoutes);
          |     ^
      904 |
      905 | // Load map location picker endpoints
      906 | const mapPickerEndpoints = require('./map-location-picker-backend.js');

      at Function.use (node_modules/express/lib/router/index.js:469:13)
      at Function.<anonymous> (node_modules/express/lib/application.js:227:21)
          at Array.forEach (<anonymous>)
      at Function.use (node_modules/express/lib/application.js:224:7)
      at Object.use (server.js:903:5)
      at Object.require (routes/drivers.js:6:32)
      at Object.require (routes/__tests__/drivers.earnings.test.js:4:23)

FAIL tests/auth.test.js (19.257 s)
  ΓùÅ Console

    console.error
      ≡ƒöÑ CRITICAL DEBUG: server.js is running!

      3 |
      4 | const express = require('express');
    > 5 | console.error('≡ƒöÑ CRITICAL DEBUG: server.js is running!');
        |         ^
      6 | const cors = require('cors');
      7 | const dotenv = require('dotenv');
      8 | const jwt = require('jsonwebtoken');

      at Object.error (server.js:5:9)
      at Object.require (tests/auth.test.js:32:17)

    console.log
      2025-12-05 20:02:51 [info]: ≡ƒöº Loading environment from: .env
      {
        "envFile": ".env"
      }

      at Console.log (node_modules/winston/lib/winston/transports/console.js:87:23)

    console.log
      Γ£à Security configuration validated

      at log (middleware/security.js:180:13)

    console.log
      Γ£à Admin API endpoints loaded successfully - All 3 parts complete

      at console.log (node_modules/@sentry/core/src/instrument/console.ts:39:14)

    console.log
      2025-12-05 20:02:53 [info]: AUTH: Registration attempt
      {
        "ip": "::ffff:127.0.0.1",
        "category": "authentication"
      }

      at Console.log (node_modules/winston/lib/winston/transports/console.js:87:23)

    console.log
      2025-12-05 20:02:54 [info]: AUTH: User registered successfully
      {
        "userId": "1764957774876ixa32r4ic",
        "email": "test@example.com",
        "role": "customer",
        "category": "authentication"
      }

      at Console.log (node_modules/winston/lib/winston/transports/console.js:87:23)

    console.log
      2025-12-05 20:02:54 [error]: Email service initialization failed: nodemailer.createTransporter is not a function
      {
        "category": "email",
        "error": "nodemailer.createTransporter is not a function"
      }

      at Console.log (node_modules/winston/lib/winston/transports/console.js:87:23)

    console.log
      2025-12-05 20:02:54 [info]: Email verification would be sent
      {
        "category": "email",
        "to": "test@example.com",
        "verificationUrl": "http://localhost:3000/verify-email?token=1764957774943vn1e0twxj"
      }

      at Console.log (node_modules/winston/lib/winston/transports/console.js:87:23)

    console.log
      2025-12-05 20:02:54 [info]: Verification email sent to new user
      {
        "userId": "1764957774876ixa32r4ic",
        "email": "test@example.com",
        "category": "auth"
      }

      at Console.log (node_modules/winston/lib/winston/transports/console.js:87:23)

    console.log
      2025-12-05 20:02:54 [info]: PERF: Registration completed
      {
        "userId": "1764957774876ixa32r4ic",
        "duration": "1019ms",
        "category": "performance"
      }

      at Console.log (node_modules/winston/lib/winston/transports/console.js:87:23)

    console.log
      2025-12-05 20:02:55 [info]: AUTH: Registration attempt
      {
        "ip": "::ffff:127.0.0.1",
        "category": "authentication"
      }

      at Console.log (node_modules/winston/lib/winston/transports/console.js:87:23)

    console.log
      2025-12-05 20:02:55 [warn]: RESPONSE: POST /api/auth/register 400
      {
        "method": "POST",
        "url": "/api/auth/register",
        "statusCode": 400,
        "duration": "14ms",
        "ip": "::ffff:127.0.0.1",
        "category": "http"
      }

      at Console.log (node_modules/winston/lib/winston/transports/console.js:87:23)

    console.log
      2025-12-05 20:02:55 [info]: AUTH: Registration attempt
      {
        "ip": "::ffff:127.0.0.1",
        "category": "authentication"
      }

      at Console.log (node_modules/winston/lib/winston/transports/console.js:87:23)

    console.log
      2025-12-05 20:02:56 [info]: AUTH: User registered successfully
      {
        "userId": "1764957776055j3yfu3dhh",
        "email": "duplicate@example.com",
        "role": "customer",
        "category": "authentication"
      }

      at Console.log (node_modules/winston/lib/winston/transports/console.js:87:23)

    console.error
      Database logging failed: relation "logs" does not exist

      180 |     } catch (err) {
      181 |       // Silent fail for logging to avoid impacting request flow
    > 182 |       console.error('Database logging failed:', err.message);
          |               ^
      183 |     }
      184 |   });
      185 |   next();

      at console.error (node_modules/@sentry/core/src/instrument/console.ts:39:14)
      at ServerResponse.error (server.js:182:15)

    console.log
      2025-12-05 20:02:56 [error]: Email service initialization failed: nodemailer.createTransporter is not a function
      {
        "category": "email",
        "error": "nodemailer.createTransporter is not a function"
      }

      at Console.log (node_modules/winston/lib/winston/transports/console.js:87:23)

    console.log
      2025-12-05 20:02:56 [info]: Email verification would be sent
      {
        "category": "email",
        "to": "duplicate@example.com",
        "verificationUrl": "http://localhost:3000/verify-email?token=1764957776074zgo05tb8p"
      }

      at Console.log (node_modules/winston/lib/winston/transports/console.js:87:23)

    console.log
      2025-12-05 20:02:56 [info]: Verification email sent to new user
      {
        "userId": "1764957776055j3yfu3dhh",
        "email": "duplicate@example.com",
        "category": "auth"
      }

      at Console.log (node_modules/winston/lib/winston/transports/console.js:87:23)

    console.log
      2025-12-05 20:02:56 [info]: PERF: Registration completed
      {
        "userId": "1764957776055j3yfu3dhh",
        "duration": "333ms",
        "category": "performance"
      }

      at Console.log (node_modules/winston/lib/winston/transports/console.js:87:23)

    console.error
      Database logging failed: relation "logs" does not exist

      180 |     } catch (err) {
      181 |       // Silent fail for logging to avoid impacting request flow
    > 182 |       console.error('Database logging failed:', err.message);
          |               ^
      183 |     }
      184 |   });
      185 |   next();

      at console.error (node_modules/@sentry/core/src/instrument/console.ts:39:14)
      at ServerResponse.error (server.js:182:15)

    console.log
      2025-12-05 20:02:56 [info]: AUTH: Registration attempt
      {
        "ip": "::ffff:127.0.0.1",
        "category": "authentication"
      }

      at Console.log (node_modules/winston/lib/winston/transports/console.js:87:23)

    console.log
      2025-12-05 20:02:56 [error]: Registration error: Email already registered
      {
        "stack": "Error: Email already registered\n    at AuthService.registerUser (D:\\matrix-delivery\\backend\\services\\authService.js:218:13)\n    at processTicksAndRejections (node:internal/process/task_queues:105:5)\n    at D:\\matrix-delivery\\backend\\routes\\auth.js:87:20",
        "ip": "::ffff:127.0.0.1",
        "duration": "10ms",
        "category": "error"
      }

      at Console.log (node_modules/winston/lib/winston/transports/console.js:87:23)

    console.log
      2025-12-05 20:02:56 [warn]: RESPONSE: POST /api/auth/register 409
      {
        "method": "POST",
        "url": "/api/auth/register",
        "statusCode": 409,
        "duration": "50ms",
        "ip": "::ffff:127.0.0.1",
        "category": "http"
      }

      at Console.log (node_modules/winston/lib/winston/transports/console.js:87:23)

    console.log
      2025-12-05 20:02:56 [info]: AUTH: Login attempt
      {
        "ip": "::ffff:127.0.0.1",
        "category": "authentication"
      }

      at Console.log (node_modules/winston/lib/winston/transports/console.js:87:23)

    console.log
      2025-12-05 20:02:56 [info]: AUTH: User logged in successfully
      {
        "userId": "test-user-id",
        "email": "login@example.com",
        "role": "customer",
        "category": "authentication"
      }

      at Console.log (node_modules/winston/lib/winston/transports/console.js:87:23)

    console.log
      2025-12-05 20:02:56 [info]: PERF: Login completed
      {
        "userId": "test-user-id",
        "duration": "188ms",
        "category": "performance"
      }

      at Console.log (node_modules/winston/lib/winston/transports/console.js:87:23)

    console.log
      2025-12-05 20:02:56 [info]: Login successful - cookie set
      {
        "email": "login@example.com",
        "cookieOptions": {
          "httpOnly": true,
          "secure": false,
          "sameSite": "lax",
          "maxAge": "30 days",
          "path": "/"
        },
        "category": "auth"
      }

      at Console.log (node_modules/winston/lib/winston/transports/console.js:87:23)

    console.error
      Database logging failed: relation "logs" does not exist

      180 |     } catch (err) {
      181 |       // Silent fail for logging to avoid impacting request flow
    > 182 |       console.error('Database logging failed:', err.message);
          |               ^
      183 |     }
      184 |   });
      185 |   next();

      at console.error (node_modules/@sentry/core/src/instrument/console.ts:39:14)
      at ServerResponse.error (server.js:182:15)

    console.error
      Database logging failed: relation "logs" does not exist

      180 |     } catch (err) {
      181 |       // Silent fail for logging to avoid impacting request flow
    > 182 |       console.error('Database logging failed:', err.message);
          |               ^
      183 |     }
      184 |   });
      185 |   next();

      at console.error (node_modules/@sentry/core/src/instrument/console.ts:39:14)
      at ServerResponse.error (server.js:182:15)

    console.log
      2025-12-05 20:02:57 [info]: AUTH: Login attempt
      {
        "ip": "::ffff:127.0.0.1",
        "category": "authentication"
      }

      at Console.log (node_modules/winston/lib/winston/transports/console.js:87:23)

    console.log
      2025-12-05 20:02:57 [error]: Login error: Invalid email or password
      {
        "stack": "Error: Invalid email or password\n    at AuthService.authenticateUser (D:\\matrix-delivery\\backend\\services\\authService.js:182:13)\n    at AuthService.loginUser (D:\\matrix-delivery\\backend\\services\\authService.js:239:18)\n    at D:\\matrix-delivery\\backend\\routes\\auth.js:178:20",
        "ip": "::ffff:127.0.0.1",
        "duration": "168ms",
        "category": "error"
      }

      at Console.log (node_modules/winston/lib/winston/transports/console.js:87:23)

    console.log
      2025-12-05 20:02:57 [warn]: RESPONSE: POST /api/auth/login 401
      {
        "method": "POST",
        "url": "/api/auth/login",
        "statusCode": 401,
        "duration": "177ms",
        "ip": "::ffff:127.0.0.1",
        "category": "http"
      }

      at Console.log (node_modules/winston/lib/winston/transports/console.js:87:23)

    console.error
      Database logging failed: relation "logs" does not exist

      180 |     } catch (err) {
      181 |       // Silent fail for logging to avoid impacting request flow
    > 182 |       console.error('Database logging failed:', err.message);
          |               ^
      183 |     }
      184 |   });
      185 |   next();

      at console.error (node_modules/@sentry/core/src/instrument/console.ts:39:14)
      at ServerResponse.error (server.js:182:15)

    console.log
      2025-12-05 20:02:57 [info]: AUTH: Password reset request
      {
        "ip": "::ffff:127.0.0.1",
        "category": "authentication"
      }

      at Console.log (node_modules/winston/lib/winston/transports/console.js:87:23)

    console.error
      Database logging failed: relation "logs" does not exist

      180 |     } catch (err) {
      181 |       // Silent fail for logging to avoid impacting request flow
    > 182 |       console.error('Database logging failed:', err.message);
          |               ^
      183 |     }
      184 |   });
      185 |   next();

      at console.error (node_modules/@sentry/core/src/instrument/console.ts:39:14)
      at ServerResponse.error (server.js:182:15)

    console.log
      2025-12-05 20:02:57 [error]: Email service initialization failed: nodemailer.createTransporter is not a function
      {
        "category": "email",
        "error": "nodemailer.createTransporter is not a function"
      }

      at Console.log (node_modules/winston/lib/winston/transports/console.js:87:23)

    console.log
      2025-12-05 20:02:57 [info]: Password reset email would be sent
      {
        "category": "email",
        "to": "forgot@example.com",
        "resetUrl": "http://localhost:3000/reset-password?token=1764957777691qcmhuinjv"
      }

      at Console.log (node_modules/winston/lib/winston/transports/console.js:87:23)

    console.log
      2025-12-05 20:02:57 [info]: PERF: Password reset email sent
      {
        "userId": "forgot-user-id",
        "duration": "28ms",
        "category": "performance"
      }

      at Console.log (node_modules/winston/lib/winston/transports/console.js:87:23)

    console.log
      2025-12-05 20:02:57 [info]: AUTH: Password reset request
      {
        "ip": "::ffff:127.0.0.1",
        "category": "authentication"
      }

      at Console.log (node_modules/winston/lib/winston/transports/console.js:87:23)

    console.log
      2025-12-05 20:02:58 [error]: Forgot password error: User not found
      {
        "error": "Error: User not found\n    at AuthService.createPasswordResetToken (D:\\matrix-delivery\\backend\\services\\authService.js:311:13)\n    at processTicksAndRejections (node:internal/process/task_queues:105:5)\n    at D:\\matrix-delivery\\backend\\routes\\auth.js:357:34",
        "ip": "::ffff:127.0.0.1",
        "duration": "8ms",
        "category": "error"
      }

      at Console.log (node_modules/winston/lib/winston/transports/console.js:87:23)

    console.error
      Database logging failed: relation "logs" does not exist

      180 |     } catch (err) {
      181 |       // Silent fail for logging to avoid impacting request flow
    > 182 |       console.error('Database logging failed:', err.message);
          |               ^
      183 |     }
      184 |   });
      185 |   next();

      at console.error (node_modules/@sentry/core/src/instrument/console.ts:39:14)
      at ServerResponse.error (server.js:182:15)

    console.log
      2025-12-05 20:02:58 [info]: AUTH: Password reset request
      {
        "ip": "::ffff:127.0.0.1",
        "category": "authentication"
      }

      at Console.log (node_modules/winston/lib/winston/transports/console.js:87:23)

    console.log
      2025-12-05 20:02:58 [warn]: RESPONSE: POST /api/auth/forgot-password 400
      {
        "method": "POST",
        "url": "/api/auth/forgot-password",
        "statusCode": 400,
        "duration": "12ms",
        "ip": "::ffff:127.0.0.1",
        "category": "http"
      }

      at Console.log (node_modules/winston/lib/winston/transports/console.js:87:23)

    console.error
      Database logging failed: relation "logs" does not exist

      180 |     } catch (err) {
      181 |       // Silent fail for logging to avoid impacting request flow
    > 182 |       console.error('Database logging failed:', err.message);
          |               ^
      183 |     }
      184 |   });
      185 |   next();

      at console.error (node_modules/@sentry/core/src/instrument/console.ts:39:14)
      at ServerResponse.error (server.js:182:15)

    console.log
      2025-12-05 20:02:58 [info]: AUTH: Password reset attempt
      {
        "ip": "::ffff:127.0.0.1",
        "category": "authentication"
      }

      at Console.log (node_modules/winston/lib/winston/transports/console.js:87:23)

    console.error
      Database logging failed: relation "logs" does not exist

      180 |     } catch (err) {
      181 |       // Silent fail for logging to avoid impacting request flow
    > 182 |       console.error('Database logging failed:', err.message);
          |               ^
      183 |     }
      184 |   });
      185 |   next();

      at console.error (node_modules/@sentry/core/src/instrument/console.ts:39:14)
      at ServerResponse.error (server.js:182:15)

    console.log
      2025-12-05 20:02:58 [info]: PERF: Password reset completed
      {
        "duration": "166ms",
        "category": "performance"
      }

      at Console.log (node_modules/winston/lib/winston/transports/console.js:87:23)

    console.error
      Database logging failed: relation "logs" does not exist

      180 |     } catch (err) {
      181 |       // Silent fail for logging to avoid impacting request flow
    > 182 |       console.error('Database logging failed:', err.message);
          |               ^
      183 |     }
      184 |   });
      185 |   next();

      at console.error (node_modules/@sentry/core/src/instrument/console.ts:39:14)
      at ServerResponse.error (server.js:182:15)

    console.log
      2025-12-05 20:02:59 [info]: AUTH: Password reset attempt
      {
        "ip": "::ffff:127.0.0.1",
        "category": "authentication"
      }

      at Console.log (node_modules/winston/lib/winston/transports/console.js:87:23)

    console.log
      2025-12-05 20:02:59 [error]: Reset password error: Invalid or expired reset token
      {
        "error": "Error: Invalid or expired reset token\n    at AuthService.resetPassword (D:\\matrix-delivery\\backend\\services\\authService.js:364:13)\n    at processTicksAndRejections (node:internal/process/task_queues:105:5)\n    at D:\\matrix-delivery\\backend\\routes\\auth.js:428:5",
        "ip": "::ffff:127.0.0.1",
        "duration": "7ms",
        "category": "error"
      }

      at Console.log (node_modules/winston/lib/winston/transports/console.js:87:23)

    console.log
      2025-12-05 20:02:59 [warn]: RESPONSE: POST /api/auth/reset-password 400
      {
        "method": "POST",
        "url": "/api/auth/reset-password",
        "statusCode": 400,
        "duration": "16ms",
        "ip": "::ffff:127.0.0.1",
        "category": "http"
      }

      at Console.log (node_modules/winston/lib/winston/transports/console.js:87:23)

    console.log
      2025-12-05 20:02:59 [info]: AUTH: Password reset attempt
      {
        "ip": "::ffff:127.0.0.1",
        "category": "authentication"
      }

      at Console.log (node_modules/winston/lib/winston/transports/console.js:87:23)

    console.log
      2025-12-05 20:02:59 [warn]: RESPONSE: POST /api/auth/reset-password 400
      {
        "method": "POST",
        "url": "/api/auth/reset-password",
        "statusCode": 400,
        "duration": "10ms",
        "ip": "::ffff:127.0.0.1",
        "category": "http"
      }

      at Console.log (node_modules/winston/lib/winston/transports/console.js:87:23)

    console.error
      Database logging failed: relation "logs" does not exist

      180 |     } catch (err) {
      181 |       // Silent fail for logging to avoid impacting request flow
    > 182 |       console.error('Database logging failed:', err.message);
          |               ^
      183 |     }
      184 |   });
      185 |   next();

      at console.error (node_modules/@sentry/core/src/instrument/console.ts:39:14)
      at ServerResponse.error (server.js:182:15)

    console.log
      2025-12-05 20:02:59 [info]: AUTH: Password reset attempt
      {
        "ip": "::ffff:127.0.0.1",
        "category": "authentication"
      }

      at Console.log (node_modules/winston/lib/winston/transports/console.js:87:23)

    console.error
      Database logging failed: relation "logs" does not exist

      180 |     } catch (err) {
      181 |       // Silent fail for logging to avoid impacting request flow
    > 182 |       console.error('Database logging failed:', err.message);
          |               ^
      183 |     }
      184 |   });
      185 |   next();

      at console.error (node_modules/@sentry/core/src/instrument/console.ts:39:14)
      at ServerResponse.error (server.js:182:15)

    console.log
      2025-12-05 20:02:59 [error]: Reset password error: Invalid or expired reset token
      {
        "error": "Error: Invalid or expired reset token\n    at AuthService.resetPassword (D:\\matrix-delivery\\backend\\services\\authService.js:364:13)\n    at processTicksAndRejections (node:internal/process/task_queues:105:5)\n    at D:\\matrix-delivery\\backend\\routes\\auth.js:428:5",
        "ip": "::ffff:127.0.0.1",
        "duration": "21ms",
        "category": "error"
      }

      at Console.log (node_modules/winston/lib/winston/transports/console.js:87:23)

    console.log
      2025-12-05 20:02:59 [warn]: RESPONSE: POST /api/auth/reset-password 400
      {
        "method": "POST",
        "url": "/api/auth/reset-password",
        "statusCode": 400,
        "duration": "29ms",
        "ip": "::ffff:127.0.0.1",
        "category": "http"
      }

      at Console.log (node_modules/winston/lib/winston/transports/console.js:87:23)

    console.log
      2025-12-05 20:02:59 [warn]: SECURITY: Invalid token provided
      {
        "error": "jwt audience invalid. expected: matrix-delivery-api",
        "code": "INVALID_TOKEN",
        "ip": "::ffff:127.0.0.1",
        "path": "/me",
        "category": "security"
      }

      at Console.log (node_modules/winston/lib/winston/transports/console.js:87:23)

    console.log
      2025-12-05 20:02:59 [warn]: RESPONSE: GET /api/auth/me 401
      {
        "method": "GET",
        "url": "/api/auth/me",
        "statusCode": 401,
        "duration": "21ms",
        "ip": "::ffff:127.0.0.1",
        "category": "http"
      }

      at Console.log (node_modules/winston/lib/winston/transports/console.js:87:23)

    console.error
      Database logging failed: relation "logs" does not exist

      180 |     } catch (err) {
      181 |       // Silent fail for logging to avoid impacting request flow
    > 182 |       console.error('Database logging failed:', err.message);
          |               ^
      183 |     }
      184 |   });
      185 |   next();

      at console.error (node_modules/@sentry/core/src/instrument/console.ts:39:14)
      at ServerResponse.error (server.js:182:15)

    console.log
      2025-12-05 20:03:00 [warn]: SECURITY: Access attempt without token
      {
        "ip": "::ffff:127.0.0.1",
        "path": "/me",
        "method": "GET",
        "category": "security"
      }

      at Console.log (node_modules/winston/lib/winston/transports/console.js:87:23)

    console.log
      2025-12-05 20:03:00 [warn]: RESPONSE: GET /api/auth/me 401
      {
        "method": "GET",
        "url": "/api/auth/me",
        "statusCode": 401,
        "duration": "11ms",
        "ip": "::ffff:127.0.0.1",
        "category": "http"
      }

      at Console.log (node_modules/winston/lib/winston/transports/console.js:87:23)

    console.error
      Database logging failed: relation "logs" does not exist

      180 |     } catch (err) {
      181 |       // Silent fail for logging to avoid impacting request flow
    > 182 |       console.error('Database logging failed:', err.message);
          |               ^
      183 |     }
      184 |   });
      185 |   next();

      at console.error (node_modules/@sentry/core/src/instrument/console.ts:39:14)
      at ServerResponse.error (server.js:182:15)

    console.log
      2025-12-05 20:03:00 [warn]: SECURITY: Invalid token provided
      {
        "error": "jwt malformed",
        "code": "INVALID_TOKEN",
        "ip": "::ffff:127.0.0.1",
        "path": "/me",
        "category": "security"
      }

      at Console.log (node_modules/winston/lib/winston/transports/console.js:87:23)

    console.log
      2025-12-05 20:03:00 [warn]: RESPONSE: GET /api/auth/me 401
      {
        "method": "GET",
        "url": "/api/auth/me",
        "statusCode": 401,
        "duration": "12ms",
        "ip": "::ffff:127.0.0.1",
        "category": "http"
      }

      at Console.log (node_modules/winston/lib/winston/transports/console.js:87:23)

    console.error
      Database logging failed: relation "logs" does not exist

      180 |     } catch (err) {
      181 |       // Silent fail for logging to avoid impacting request flow
    > 182 |       console.error('Database logging failed:', err.message);
          |               ^
      183 |     }
      184 |   });
      185 |   next();

      at console.error (node_modules/@sentry/core/src/instrument/console.ts:39:14)
      at ServerResponse.error (server.js:182:15)

    console.log
      2025-12-05 20:03:00 [warn]: SECURITY: Invalid token provided
      {
        "error": "jwt audience invalid. expected: matrix-delivery-api",
        "code": "INVALID_TOKEN",
        "ip": "::ffff:127.0.0.1",
        "path": "/switch-role",
        "category": "security"
      }

      at Console.log (node_modules/winston/lib/winston/transports/console.js:87:23)

    console.log
      2025-12-05 20:03:00 [warn]: RESPONSE: POST /api/auth/switch-role 401
      {
        "method": "POST",
        "url": "/api/auth/switch-role",
        "statusCode": 401,
        "duration": "12ms",
        "ip": "::ffff:127.0.0.1",
        "category": "http"
      }

      at Console.log (node_modules/winston/lib/winston/transports/console.js:87:23)

    console.error
      Database logging failed: relation "logs" does not exist

      180 |     } catch (err) {
      181 |       // Silent fail for logging to avoid impacting request flow
    > 182 |       console.error('Database logging failed:', err.message);
          |               ^
      183 |     }
      184 |   });
      185 |   next();

      at console.error (node_modules/@sentry/core/src/instrument/console.ts:39:14)
      at ServerResponse.error (server.js:182:15)

    console.log
      2025-12-05 20:03:01 [warn]: SECURITY: Invalid token provided
      {
        "error": "jwt audience invalid. expected: matrix-delivery-api",
        "code": "INVALID_TOKEN",
        "ip": "::ffff:127.0.0.1",
        "path": "/switch-role",
        "category": "security"
      }

      at Console.log (node_modules/winston/lib/winston/transports/console.js:87:23)

    console.log
      2025-12-05 20:03:01 [warn]: RESPONSE: POST /api/auth/switch-role 401
      {
        "method": "POST",
        "url": "/api/auth/switch-role",
        "statusCode": 401,
        "duration": "10ms",
        "ip": "::ffff:127.0.0.1",
        "category": "http"
      }

      at Console.log (node_modules/winston/lib/winston/transports/console.js:87:23)

    console.log
      2025-12-05 20:03:01 [warn]: SECURITY: Invalid token provided
      {
        "error": "jwt audience invalid. expected: matrix-delivery-api",
        "code": "INVALID_TOKEN",
        "ip": "::ffff:127.0.0.1",
        "path": "/send-verification",
        "category": "security"
      }

      at Console.log (node_modules/winston/lib/winston/transports/console.js:87:23)

    console.log
      2025-12-05 20:03:02 [warn]: RESPONSE: POST /api/auth/send-verification 401
      {
        "method": "POST",
        "url": "/api/auth/send-verification",
        "statusCode": 401,
        "duration": "11ms",
        "ip": "::ffff:127.0.0.1",
        "category": "http"
      }

      at Console.log (node_modules/winston/lib/winston/transports/console.js:87:23)

    console.error
      Database logging failed: relation "logs" does not exist

      180 |     } catch (err) {
      181 |       // Silent fail for logging to avoid impacting request flow
    > 182 |       console.error('Database logging failed:', err.message);
          |               ^
      183 |     }
      184 |   });
      185 |   next();

      at console.error (node_modules/@sentry/core/src/instrument/console.ts:39:14)
      at ServerResponse.error (server.js:182:15)

    console.log
      2025-12-05 20:03:02 [warn]: SECURITY: Invalid token provided
      {
        "error": "jwt audience invalid. expected: matrix-delivery-api",
        "code": "INVALID_TOKEN",
        "ip": "::ffff:127.0.0.1",
        "path": "/send-verification",
        "category": "security"
      }

      at Console.log (node_modules/winston/lib/winston/transports/console.js:87:23)

    console.log
      2025-12-05 20:03:02 [warn]: RESPONSE: POST /api/auth/send-verification 401
      {
        "method": "POST",
        "url": "/api/auth/send-verification",
        "statusCode": 401,
        "duration": "11ms",
        "ip": "::ffff:127.0.0.1",
        "category": "http"
      }

      at Console.log (node_modules/winston/lib/winston/transports/console.js:87:23)

    console.log
      2025-12-05 20:03:03 [warn]: SECURITY: Access attempt without token
      {
        "ip": "::ffff:127.0.0.1",
        "path": "/send-verification",
        "method": "POST",
        "category": "security"
      }

      at Console.log (node_modules/winston/lib/winston/transports/console.js:87:23)

    console.log
      2025-12-05 20:03:03 [warn]: RESPONSE: POST /api/auth/send-verification 401
      {
        "method": "POST",
        "url": "/api/auth/send-verification",
        "statusCode": 401,
        "duration": "11ms",
        "ip": "::ffff:127.0.0.1",
        "category": "http"
      }

      at Console.log (node_modules/winston/lib/winston/transports/console.js:87:23)

    console.error
      Database logging failed: relation "logs" does not exist

      180 |     } catch (err) {
      181 |       // Silent fail for logging to avoid impacting request flow
    > 182 |       console.error('Database logging failed:', err.message);
          |               ^
      183 |     }
      184 |   });
      185 |   next();

      at console.error (node_modules/@sentry/core/src/instrument/console.ts:39:14)
      at ServerResponse.error (server.js:182:15)

    console.error
      Database logging failed: relation "logs" does not exist

      180 |     } catch (err) {
      181 |       // Silent fail for logging to avoid impacting request flow
    > 182 |       console.error('Database logging failed:', err.message);
          |               ^
      183 |     }
      184 |   });
      185 |   next();

      at console.error (node_modules/@sentry/core/src/instrument/console.ts:39:14)
      at ServerResponse.error (server.js:182:15)

    console.error
      Database logging failed: relation "logs" does not exist

      180 |     } catch (err) {
      181 |       // Silent fail for logging to avoid impacting request flow
    > 182 |       console.error('Database logging failed:', err.message);
          |               ^
      183 |     }
      184 |   });
      185 |   next();

      at console.error (node_modules/@sentry/core/src/instrument/console.ts:39:14)
      at ServerResponse.error (server.js:182:15)

    console.log
      2025-12-05 20:03:04 [info]: AUTH: Email verification attempt
      {
        "ip": "::ffff:127.0.0.1",
        "category": "authentication"
      }

      at Console.log (node_modules/winston/lib/winston/transports/console.js:87:23)

    console.log
      2025-12-05 20:03:04 [info]: PERF: Email verification completed
      {
        "userId": "verify-user-id",
        "duration": "17ms",
        "category": "performance"
      }

      at Console.log (node_modules/winston/lib/winston/transports/console.js:87:23)

    console.log
      2025-12-05 20:03:05 [info]: AUTH: Email verification attempt
      {
        "ip": "::ffff:127.0.0.1",
        "category": "authentication"
      }

      at Console.log (node_modules/winston/lib/winston/transports/console.js:87:23)

    console.log
      2025-12-05 20:03:05 [error]: Verify email error: Invalid or expired verification token
      {
        "error": "Error: Invalid or expired verification token\n    at AuthService.verifyEmail (D:\\matrix-delivery\\backend\\services\\authService.js:456:13)\n    at processTicksAndRejections (node:internal/process/task_queues:105:5)\n    at D:\\matrix-delivery\\backend\\routes\\auth.js:530:20",
        "ip": "::ffff:127.0.0.1",
        "duration": "9ms",
        "category": "error"
      }

      at Console.log (node_modules/winston/lib/winston/transports/console.js:87:23)

    console.log
      2025-12-05 20:03:05 [warn]: RESPONSE: POST /api/auth/verify-email 400
      {
        "method": "POST",
        "url": "/api/auth/verify-email",
        "statusCode": 400,
        "duration": "18ms",
        "ip": "::ffff:127.0.0.1",
        "category": "http"
      }

      at Console.log (node_modules/winston/lib/winston/transports/console.js:87:23)

    console.error
      Database logging failed: relation "logs" does not exist

      180 |     } catch (err) {
      181 |       // Silent fail for logging to avoid impacting request flow
    > 182 |       console.error('Database logging failed:', err.message);
          |               ^
      183 |     }
      184 |   });
      185 |   next();

      at console.error (node_modules/@sentry/core/src/instrument/console.ts:39:14)
      at ServerResponse.error (server.js:182:15)

    console.log
      2025-12-05 20:03:05 [info]: AUTH: Email verification attempt
      {
        "ip": "::ffff:127.0.0.1",
        "category": "authentication"
      }

      at Console.log (node_modules/winston/lib/winston/transports/console.js:87:23)

    console.error
      Database logging failed: relation "logs" does not exist

      180 |     } catch (err) {
      181 |       // Silent fail for logging to avoid impacting request flow
    > 182 |       console.error('Database logging failed:', err.message);
          |               ^
      183 |     }
      184 |   });
      185 |   next();

      at console.error (node_modules/@sentry/core/src/instrument/console.ts:39:14)
      at ServerResponse.error (server.js:182:15)

    console.log
      2025-12-05 20:03:05 [error]: Verify email error: Invalid or expired verification token
      {
        "error": "Error: Invalid or expired verification token\n    at AuthService.verifyEmail (D:\\matrix-delivery\\backend\\services\\authService.js:456:13)\n    at processTicksAndRejections (node:internal/process/task_queues:105:5)\n    at D:\\matrix-delivery\\backend\\routes\\auth.js:530:20",
        "ip": "::ffff:127.0.0.1",
        "duration": "38ms",
        "category": "error"
      }

      at Console.log (node_modules/winston/lib/winston/transports/console.js:87:23)

    console.log
      2025-12-05 20:03:05 [warn]: RESPONSE: POST /api/auth/verify-email 400
      {
        "method": "POST",
        "url": "/api/auth/verify-email",
        "statusCode": 400,
        "duration": "54ms",
        "ip": "::ffff:127.0.0.1",
        "category": "http"
      }

      at Console.log (node_modules/winston/lib/winston/transports/console.js:87:23)

    console.error
      Database logging failed: relation "logs" does not exist

      180 |     } catch (err) {
      181 |       // Silent fail for logging to avoid impacting request flow
    > 182 |       console.error('Database logging failed:', err.message);
          |               ^
      183 |     }
      184 |   });
      185 |   next();

      at console.error (node_modules/@sentry/core/src/instrument/console.ts:39:14)
      at ServerResponse.error (server.js:182:15)

    console.log
      2025-12-05 20:03:05 [info]: AUTH: Email verification attempt
      {
        "ip": "::ffff:127.0.0.1",
        "category": "authentication"
      }

      at Console.log (node_modules/winston/lib/winston/transports/console.js:87:23)

    console.log
      2025-12-05 20:03:05 [warn]: RESPONSE: POST /api/auth/verify-email 400
      {
        "method": "POST",
        "url": "/api/auth/verify-email",
        "statusCode": 400,
        "duration": "8ms",
        "ip": "::ffff:127.0.0.1",
        "category": "http"
      }

      at Console.log (node_modules/winston/lib/winston/transports/console.js:87:23)

    console.error
      Database logging failed: relation "logs" does not exist

      180 |     } catch (err) {
      181 |       // Silent fail for logging to avoid impacting request flow
    > 182 |       console.error('Database logging failed:', err.message);
          |               ^
      183 |     }
      184 |   });
      185 |   next();

      at console.error (node_modules/@sentry/core/src/instrument/console.ts:39:14)
      at ServerResponse.error (server.js:182:15)

  ΓùÅ Authentication API Tests ΓÇ║ GET /api/auth/me ΓÇ║ should return user profile with valid token

    expected 200 "OK", got 401 "Unauthorized"

      397 |         .get('/api/auth/me')
      398 |         .set('Authorization', `Bearer ${testToken}`)
    > 399 |         .expect(200);
          |          ^
      400 |
      401 |       expect(response.body).toHaveProperty('email');
      402 |       expect(response.body.email).toBe(testUser.email);

      at Object.expect (tests/auth.test.js:399:10)
      ----
      at Test._assertStatus (node_modules/supertest/lib/test.js:252:14)
      at node_modules/supertest/lib/test.js:308:13
      at Test._assertFunction (node_modules/supertest/lib/test.js:285:13)
      at Test.assert (node_modules/supertest/lib/test.js:164:23)
      at localAssert (node_modules/supertest/lib/test.js:120:14)
      at node_modules/supertest/lib/test.js:125:7
      at Test.fn [as callback] (node_modules/superagent/src/node/index.js:925:3)
      at callback (node_modules/superagent/src/node/index.js:1166:18)
      at IncomingMessage.fn (node_modules/superagent/src/node/parsers/json.js:19:7)

  ΓùÅ Authentication API Tests ΓÇ║ POST /api/auth/switch-role ΓÇ║ should switch role successfully

    expected 200 "OK", got 401 "Unauthorized"

      468 |         .set('Authorization', `Bearer ${testToken}`)
      469 |         .send(switchData)
    > 470 |         .expect(200);
          |          ^
      471 |
      472 |       expect(response.body).toHaveProperty('token');
      473 |       expect(response.body).toHaveProperty('role');

      at Object.expect (tests/auth.test.js:470:10)
      ----
      at Test._assertStatus (node_modules/supertest/lib/test.js:252:14)
      at node_modules/supertest/lib/test.js:308:13
      at Test._assertFunction (node_modules/supertest/lib/test.js:285:13)
      at Test.assert (node_modules/supertest/lib/test.js:164:23)
      at localAssert (node_modules/supertest/lib/test.js:120:14)
      at node_modules/supertest/lib/test.js:125:7
      at Test.fn [as callback] (node_modules/superagent/src/node/index.js:925:3)
      at callback (node_modules/superagent/src/node/index.js:1166:18)
      at IncomingMessage.fn (node_modules/superagent/src/node/parsers/json.js:19:7)

  ΓùÅ Authentication API Tests ΓÇ║ POST /api/auth/switch-role ΓÇ║ should return 400 for invalid role

    expected 400 "Bad Request", got 401 "Unauthorized"

      484 |         .set('Authorization', `Bearer ${testToken}`)
      485 |         .send(switchData)
    > 486 |         .expect(400);
          |          ^
      487 |
      488 |       expect(response.body.error).toContain('Role not assigned');
      489 |     });

      at Object.expect (tests/auth.test.js:486:10)
      ----
      at Test._assertStatus (node_modules/supertest/lib/test.js:252:14)
      at node_modules/supertest/lib/test.js:308:13
      at Test._assertFunction (node_modules/supertest/lib/test.js:285:13)
      at Test.assert (node_modules/supertest/lib/test.js:164:23)
      at localAssert (node_modules/supertest/lib/test.js:120:14)
      at node_modules/supertest/lib/test.js:125:7
      at Test.fn [as callback] (node_modules/superagent/src/node/index.js:925:3)
      at callback (node_modules/superagent/src/node/index.js:1166:18)
      at IncomingMessage.fn (node_modules/superagent/src/node/parsers/json.js:19:7)

  ΓùÅ Authentication API Tests ΓÇ║ POST /api/auth/send-verification ΓÇ║ should send verification email for unverified user

    expected 200 "OK", got 401 "Unauthorized"

      525 |         .post('/api/auth/send-verification')
      526 |         .set('Authorization', `Bearer ${testToken}`)
    > 527 |         .expect(200);
          |          ^
      528 |
      529 |       expect(response.body.success).toBe(true);
      530 |       expect(response.body.message).toContain('Verification email sent successfully');

      at Object.expect (tests/auth.test.js:527:10)
      ----
      at Test._assertStatus (node_modules/supertest/lib/test.js:252:14)
      at node_modules/supertest/lib/test.js:308:13
      at Test._assertFunction (node_modules/supertest/lib/test.js:285:13)
      at Test.assert (node_modules/supertest/lib/test.js:164:23)
      at localAssert (node_modules/supertest/lib/test.js:120:14)
      at node_modules/supertest/lib/test.js:125:7
      at Test.fn [as callback] (node_modules/superagent/src/node/index.js:925:3)
      at callback (node_modules/superagent/src/node/index.js:1166:18)
      at IncomingMessage.fn (node_modules/superagent/src/node/parsers/json.js:19:7)

  ΓùÅ Authentication API Tests ΓÇ║ POST /api/auth/send-verification ΓÇ║ should return 400 for already verified user

    expected 400 "Bad Request", got 401 "Unauthorized"

      546 |         .post('/api/auth/send-verification')
      547 |         .set('Authorization', `Bearer ${testToken}`)
    > 548 |         .expect(400);
          |          ^
      549 |
      550 |       expect(response.body.error).toContain('Email is already verified');
      551 |     });

      at Object.expect (tests/auth.test.js:548:10)
      ----
      at Test._assertStatus (node_modules/supertest/lib/test.js:252:14)
      at node_modules/supertest/lib/test.js:308:13
      at Test._assertFunction (node_modules/supertest/lib/test.js:285:13)
      at Test.assert (node_modules/supertest/lib/test.js:164:23)
      at localAssert (node_modules/supertest/lib/test.js:120:14)
      at node_modules/supertest/lib/test.js:125:7
      at Test.fn [as callback] (node_modules/superagent/src/node/index.js:925:3)
      at callback (node_modules/superagent/src/node/index.js:1166:18)
      at IncomingMessage.fn (node_modules/superagent/src/node/parsers/json.js:19:7)


  ΓùÅ  Cannot log after tests are done. Did you forget to wait for something async in your test?
    Attempted to log "Database logging failed: relation "logs" does not exist".

      180 |     } catch (err) {
      181 |       // Silent fail for logging to avoid impacting request flow
    > 182 |       console.error('Database logging failed:', err.message);
          |               ^
      183 |     }
      184 |   });
      185 |   next();

      at console.error (node_modules/@jest/console/build/BufferedConsole.js:127:10)
      at console.error (node_modules/@sentry/core/src/instrument/console.ts:39:14)
      at ServerResponse.error (server.js:182:15)

A worker process has failed to exit gracefully and has been force exited. This is likely caused by tests leaking due to improper teardown. Try running with --detectOpenHandles to find leaks. Active timers can also cause this, ensure that .unref() was called on them.
---------------------------------|---------|----------|---------|---------|--------------------------------------------------------------------------------------------------------------------------------------------------------------------------------------------------------------------------------------------------------------------------------------------------------------------------------------------------------------------------------------------------------------------------------------------------------------------------------------------------------------------------------------------------------------------------------------------------------------------------------------------------------------------------------------------------------------------------------------------------------------------------------------------------------------------------------------------------------------------------------------------------------------------------------------------------------------------------------------------------------------------------------------------------------------------------------------------------------------------------------------------------------------------------------------------------------------------------------------------
File                             | % Stmts | % Branch | % Funcs | % Lines | Uncovered Line #s                                                                                                                                                                                                                                                                                                                                                                                                                                                                                                                                                                                                                                                                                                                                                                                                                                                                                                                                                                                                                                                                                                                                                                                                                          
---------------------------------|---------|----------|---------|---------|--------------------------------------------------------------------------------------------------------------------------------------------------------------------------------------------------------------------------------------------------------------------------------------------------------------------------------------------------------------------------------------------------------------------------------------------------------------------------------------------------------------------------------------------------------------------------------------------------------------------------------------------------------------------------------------------------------------------------------------------------------------------------------------------------------------------------------------------------------------------------------------------------------------------------------------------------------------------------------------------------------------------------------------------------------------------------------------------------------------------------------------------------------------------------------------------------------------------------------------------
All files                        |   17.62 |    10.29 |   15.73 |   17.94 |                                                                                                                                                                                                                                                                                                                                                                                                                                                                                                                                                                                                                                                                                                                                                                                                                                                                                                                                                                                                                                                                                                                                                                                                                                            
 backend                         |    9.31 |     2.79 |    5.18 |    9.56 |                                                                                                                                                                                                                                                                                                                                                                                                                                                                                                                                                                                                                                                                                                                                                                                                                                                                                                                                                                                                                                                                                                                                                                                                                                            
  admin-panel.js                 |    5.52 |        0 |     2.7 |     5.6 | 8-34,40-47,53-231,237-322,328-394,400-438,449-490,496-534,540-586,592-683,689-787,793-854,865-973,979-1051,1057-1086,1092-1112,1118-1143,1149-1196,1202-1235,1241-1321,1327-1389                                                                                                                                                                                                                                                                                                                                                                                                                                                                                                                                                                                                                                                                                                                                                                                                                                                                                                                                                                                                                                                           
  logger.js                      |   81.81 |    44.44 |      50 |   81.81 | 119,128,132,136,140,144,190-198                                                                                                                                                                                                                                                                                                                                                                                                                                                                                                                                                                                                                                                                                                                                                                                                                                                                                                                                                                                                                                                                                                                                                                                                            
  map-location-picker-backend.js |    8.13 |     0.72 |    7.69 |    8.36 | 8,12,17-24,29-38,43-45,50,55-82,92-134,140-189,195-232,238-332,338-362,367-395,402-596,611-787,793-991,997-1161                                                                                                                                                                                                                                                                                                                                                                                                                                                                                                                                                                                                                                                                                                                                                                                                                                                                                                                                                                                                                                                                                                                            
  server.js                      |    8.76 |     2.98 |    2.56 |    9.01 | 59-60,78-83,119-137,194-203,228-705,711-713,719-749,793-794,798-799,809-842,847-852,856-860,864-874,878-890,919-939,945-1011,1019-1047,1053-1130,1135-1333,1339-1497,1503-1529,1535-1547,1551-1580,1585-1643,1648-1668,1673-1709,1714-1744,1749-1764,1769-1784,1789-1796,1801-1816,1821-1832,1837-1866,1871-1891,1896-1900,1905-1909,1914-1928,1933-1953,1958-1962,1967-1971,1976-1987,1992-2003,2008-2012,2020-2060,2065-2101,2107-2167,2173-2221,2227-2275,2280-2299,2304-2331,2336-2346,2351-2357,2362-2372,2377-2384,2389-2394,2399-2412,2417-2423,2428-2438,2443-2451,2456-2462,2467-2477,2489-2690,2700-2733,2739-2819,2825-2860,2866-2900,2906-2973,2979-2994,3006-3043,3049-3086,3092-3130,3136-3154,3160-3209,3218-3251,3257-3281,3293-3304,3310-3319,3325-3501,3507-3529,3535-3563,3572-3694,3700-3734,3740-3792,3798-3822,3831-3883,3889-3964,3970-3986,3992-4080,4086-4173,4179-4267,4273-4287,4293-4370,4376-4421,4427-4465,4474-4500,4506-4513,4519-4697,4703-4789,4795-4861,4867-4887,4893-4937,4943-4991,4997-5041,5047-5099,5105-5196,5202-5300,5306-5374,5380-5488,5494-5566,5572-5595,5601-5636,5642-5662,5668-5699,5705-5757,5763-5802,5808-5888,5894-5956,5976-5983,5988-6000,6022-6027,6031-6139,6149-6189,6196-6200 
 backend/config                  |     100 |      100 |     100 |     100 |                                                                                                                                                                                                                                                                                                                                                                                                                                                                                                                                                                                                                                                                                                                                                                                                                                                                                                                                                                                                                                                                                                                                                                                                                                            
  constants.js                   |     100 |      100 |     100 |     100 |                                                                                                                                                                                                                                                                                                                                                                                                                                                                                                                                                                                                                                                                                                                                                                                                                                                                                                                                                                                                                                                                                                                                                                                                                                            
 backend/middleware              |      50 |    20.27 |   27.02 |   51.02 |                                                                                                                                                                                                                                                                                                                                                                                                                                                                                                                                                                                                                                                                                                                                                                                                                                                                                                                                                                                                                                                                                                                                                                                                                                            
  auditLogger.js                 |   38.77 |        0 |       0 |   39.58 | 10-33,41-50,59-75,83,95,107,114-122,137-142                                                                                                                                                                                                                                                                                                                                                                                                                                                                                                                                                                                                                                                                                                                                                                                                                                                                                                                                                                                                                                                                                                                                                                                                
  auth.js                        |      50 |    24.24 |   33.33 |   51.11 | 38-47,66-86,94-118                                                                                                                                                                                                                                                                                                                                                                                                                                                                                                                                                                                                                                                                                                                                                                                                                                                                                                                                                                                                                                                                                                                                                                                                                         
  rateLimit.js                   |   37.77 |    16.12 |   33.33 |   39.53 | 29-79,125-133                                                                                                                                                                                                                                                                                                                                                                                                                                                                                                                                                                                                                                                                                                                                                                                                                                                                                                                                                                                                                                                                                                                                                                                                                              
  security.js                    |   67.74 |    38.09 |      60 |   68.33 | 70-73,81-97,139,143-144,163,167,170,173,177                                                                                                                                                                                                                                                                                                                                                                                                                                                                                                                                                                                                                                                                                                                                                                                                                                                                                                                                                                                                                                                                                                                                                                                                
 backend/routes                  |   30.09 |     17.3 |   17.46 |   30.27 |                                                                                                                                                                                                                                                                                                                                                                                                                                                                                                                                                                                                                                                                                                                                                                                                                                                                                                                                                                                                                                                                                                                                                                                                                                            
  auth.js                        |   57.86 |    42.15 |   45.45 |   57.86 | 12-48,70-74,83,101,131,147,166-170,174,230-234,240-255,260-268,274-291,297-325,345-349,374-379,400,420,452,459-506,555                                                                                                                                                                                                                                                                                                                                                                                                                                                                                                                                                                                                                                                                                                                                                                                                                                                                                                                                                                                                                                                                                                                     
  deploy.js                      |   94.11 |       75 |     100 |   94.11 | 25                                                                                                                                                                                                                                                                                                                                                                                                                                                                                                                                                                                                                                                                                                                                                                                                                                                                                                                                                                                                                                                                                                                                                                                                                                         
  drivers.js                     |   10.64 |     7.04 |       0 |   10.69 | 30-74,80-130,136-186,192-219,225-334,340-358,364-401,407-435,441-497,503-627,633-725                                                                                                                                                                                                                                                                                                                                                                                                                                                                                                                                                                                                                                                                                                                                                                                                                                                                                                                                                                                                                                                                                                                                                       
  logs.js                        |   22.64 |        0 |   11.11 |   23.52 | 19-57,67-96,105-120,129-151,160-179                                                                                                                                                                                                                                                                                                                                                                                                                                                                                                                                                                                                                                                                                                                                                                                                                                                                                                                                                                                                                                                                                                                                                                                                        
  messages.js                    |   15.38 |        0 |       0 |   15.38 | 11-81,90-125,134-157,165-194,202-216,224-252,261-289                                                                                                                                                                                                                                                                                                                                                                                                                                                                                                                                                                                                                                                                                                                                                                                                                                                                                                                                                                                                                                                                                                                                                                                       
  orders.js                      |   20.28 |        0 |       0 |   20.28 | 13-81,87-99,105-118,124-137,143-152,158-168,174-182                                                                                                                                                                                                                                                                                                                                                                                                                                                                                                                                                                                                                                                                                                                                                                                                                                                                                                                                                                                                                                                                                                                                                                                        
  payments.js                    |   10.38 |        0 |       0 |   10.38 | 11-79,88-111,119-178,187-201,209-260,269-302,312-380,389-433,442-505                                                                                                                                                                                                                                                                                                                                                                                                                                                                                                                                                                                                                                                                                                                                                                                                                                                                                                                                                                                                                                                                                                                                                                       
  statistics.js                  |   95.74 |    61.53 |     100 |     100 | 10-18,124-125                                                                                                                                                                                                                                                                                                                                                                                                                                                                                                                                                                                                                                                                                                                                                                                                                                                                                                                                                                                                                                                                                                                                                                                                                              
 backend/services                |   20.42 |    18.31 |   29.11 |   20.68 |                                                                                                                                                                                                                                                                                                                                                                                                                                                                                                                                                                                                                                                                                                                                                                                                                                                                                                                                                                                                                                                                                                                                                                                                                                            
  authService.js                 |      70 |    45.83 |      64 |   71.01 | 69-72,91-95,144-165,177,186,200,204,208,212,270-302,348-355,386-387,413,417,476-477,501-511                                                                                                                                                                                                                                                                                                                                                                                                                                                                                                                                                                                                                                                                                                                                                                                                                                                                                                                                                                                                                                                                                                                                                
  emailService.js                |   58.33 |    58.82 |      80 |   59.57 | 25,47-48,106,118-177,225,236-241                                                                                                                                                                                                                                                                                                                                                                                                                                                                                                                                                                                                                                                                                                                                                                                                                                                                                                                                                                                                                                                                                                                                                                                                           
  loggingService.js              |   13.43 |    26.02 |      25 |   13.43 | 62,80-298                                                                                                                                                                                                                                                                                                                                                                                                                                                                                                                                                                                                                                                                                                                                                                                                                                                                                                                                                                                                                                                                                                                                                                                                                                  
  messagingService.js            |   11.29 |    24.39 |       0 |   11.47 | 27-333                                                                                                                                                                                                                                                                                                                                                                                                                                                                                                                                                                                                                                                                                                                                                                                                                                                                                                                                                                                                                                                                                                                                                                                                                                     
  orderService.js                |    3.06 |     4.08 |       0 |    3.11 | 28-1128                                                                                                                                                                                                                                                                                                                                                                                                                                                                                                                                                                                                                                                                                                                                                                                                                                                                                                                                                                                                                                                                                                                                                                                                                                    
  paymentService.js              |    5.58 |     7.81 |    7.69 |    5.63 | 35-794                                                                                                                                                                                                                                                                                                                                                                                                                                                                                                                                                                                                                                                                                                                                                                                                                                                                                                                                                                                                                                                                                                                                                                                                                                     
 backend/utils                   |     100 |      100 |     100 |     100 |                                                                                                                                                                                                                                                                                                                                                                                                                                                                                                                                                                                                                                                                                                                                                                                                                                                                                                                                                                                                                                                                                                                                                                                                                                            
  cache.js                       |     100 |      100 |     100 |     100 |                                                                                                                                                                                                                                                                                                                                                                                                                                                                                                                                                                                                                                                                                                                                                                                                                                                                                                                                                                                                                                                                                                                                                                                                                                            
  generators.js                  |     100 |      100 |     100 |     100 |                                                                                                                                                                                                                                                                                                                                                                                                                                                                                                                                                                                                                                                                                                                                                                                                                                                                                                                                                                                                                                                                                                                                                                                                                                            
  sanitizers.js                  |     100 |      100 |     100 |     100 |                                                                                                                                                                                                                                                                                                                                                                                                                                                                                                                                                                                                                                                                                                                                                                                                                                                                                                                                                                                                                                                                                                                                                                                                                                            
  validators.js                  |     100 |      100 |     100 |     100 |                                                                                                                                                                                                                                                                                                                                                                                                                                                                                                                                                                                                                                                                                                                                                                                                                                                                                                                                                                                                                                                                                                                                                                                                                                            
---------------------------------|---------|----------|---------|---------|--------------------------------------------------------------------------------------------------------------------------------------------------------------------------------------------------------------------------------------------------------------------------------------------------------------------------------------------------------------------------------------------------------------------------------------------------------------------------------------------------------------------------------------------------------------------------------------------------------------------------------------------------------------------------------------------------------------------------------------------------------------------------------------------------------------------------------------------------------------------------------------------------------------------------------------------------------------------------------------------------------------------------------------------------------------------------------------------------------------------------------------------------------------------------------------------------------------------------------------------
Test Suites: 7 failed, 6 passed, 13 total
Tests:       45 failed, 147 passed, 192 total
Snapshots:   0 total
Time:        47.251 s, estimated 55 s
Ran all test suites.
